[    0.000000] Linux version 7.3.0-rc1-cifs (ubuntu@a230ded5c141) (gcc (Ubuntu 15.2.0-16ubuntu1) 15.2.0, GNU ld (GNU Binutils for Ubuntu) 2.46) #2 SMP PREEMPT_DYNAMIC Sun Sep  6 22:11:12 UTC 2026
[    0.000000] Command line: BOOT_IMAGE=/vmlinuz-7.3.0-rc1-cifs root=/dev/mapper/ubuntu--vg-ubuntu--lv ro crashkernel=2G-4G:320M,4G-32G:512M,32G-64G:1024M,64G-128G:2048M,128G-:4096M
[    0.000000] KERNEL supported cpus:
[    0.000000]   Intel GenuineIntel
[    0.000000]   AMD AuthenticAMD
[    0.000000]   Hygon HygonGenuine
[    0.000000]   Centaur CentaurHauls
[    0.000000]   zhaoxin   Shanghai  
[    0.000000] x86 CPU feature dependency check failure: CPU0 has '18*32+31' enabled but '18*32+26' disabled. Kernel might be fine, but no guarantees.
[    0.000000] BIOS-provided physical RAM map:
[    0.000000] BIOS-e820: [mem 0x0000000000000000-0x000000000009fbff]  System RAM
[    0.000000] BIOS-e820: [mem 0x000000000009fc00-0x000000000009ffff]  device reserved
[    0.000000] BIOS-e820: [gap 0x00000000000a0000-0x00000000000effff]
[    0.000000] BIOS-e820: [mem 0x00000000000f0000-0x00000000000fffff]  device reserved
[    0.000000] BIOS-e820: [mem 0x0000000000100000-0x000000007ffdbfff]  System RAM
[    0.000000] BIOS-e820: [mem 0x000000007ffdc000-0x000000007fffffff]  device reserved
[    0.000000] BIOS-e820: [gap 0x0000000080000000-0x00000000afffffff]
[    0.000000] BIOS-e820: [mem 0x00000000b0000000-0x00000000bfffffff]  device reserved
[    0.000000] BIOS-e820: [gap 0x00000000c0000000-0x00000000fed1bfff]
[    0.000000] BIOS-e820: [mem 0x00000000fed1c000-0x00000000fed1ffff]  device reserved
[    0.000000] BIOS-e820: [gap 0x00000000fed20000-0x00000000feffbfff]
[    0.000000] BIOS-e820: [mem 0x00000000feffc000-0x00000000feffffff]  device reserved
[    0.000000] BIOS-e820: [gap 0x00000000ff000000-0x00000000fffbffff]
[    0.000000] BIOS-e820: [mem 0x00000000fffc0000-0x00000000ffffffff]  device reserved
[    0.000000] BIOS-e820: [mem 0x0000000100000000-0x000000017fffffff]  System RAM
[    0.000000] BIOS-e820: [gap 0x0000000180000000-0x000000fcffffffff]
[    0.000000] BIOS-e820: [mem 0x000000fd00000000-0x000000ffffffffff]  device reserved
[    0.000000] NX (Execute Disable) protection: active
[    0.000000] APIC: Static calls initialized
[    0.000000] DMI: SMBIOS 2.8 present.
[    0.000000] DMI: QEMU Standard PC (Q35 + ICH9, 2009), BIOS 1.17.0-10.fc44 06/10/2025
[    0.000000] DMI: Memory slots populated: 1/1
[    0.000000] Hypervisor detected: KVM
[    0.000000] last_pfn = 0x7ffdc max_arch_pfn = 0x400000000
[    0.000000] kvm-clock: Using msrs 4b564d01 and 4b564d00
[    0.000000] kvm-clock: using sched offset of 1726087720 cycles
[    0.000001] clocksource: kvm-clock: mask: 0xffffffffffffffff max_cycles: 0x1cd42e4dffb, max_idle_ns: 881590591483 ns
[    0.000003] tsc: Detected 3399.998 MHz processor
[    0.000718] e820: update [mem 0x00000000-0x00000fff] System RAM ==> device reserved
[    0.000720] e820: remove [mem 0x000a0000-0x000fffff] System RAM
[    0.000724] last_pfn = 0x180000 max_arch_pfn = 0x400000000
[    0.000756] MTRR map: 4 entries (3 fixed + 1 variable; max 19), built from 8 variable MTRRs
[    0.000758] x86/PAT: Configuration [0-7]: WB  WC  UC- UC  WB  WP  UC- WT  
[    0.000801] last_pfn = 0x7ffdc max_arch_pfn = 0x400000000
[    0.002406] found SMP MP-table at [mem 0x000f54b0-0x000f54bf]
[    0.002415] Using GB pages for direct mapping
[    0.003023] RAMDISK: [mem 0x30b3f000-0x34596fff]
[    0.003027] ACPI: Early table checksum verification disabled
[    0.003030] ACPI: RSDP 0x00000000000F5290 000014 (v00 BOCHS )
[    0.003032] ACPI: RSDT 0x000000007FFE2ECE 000034 (v01 BOCHS  BXPC     00000001 BXPC 00000001)
[    0.003036] ACPI: FACP 0x000000007FFE2CF6 0000F4 (v03 BOCHS  BXPC     00000001 BXPC 00000001)
[    0.003039] ACPI: DSDT 0x000000007FFE0040 002CB6 (v01 BOCHS  BXPC     00000001 BXPC 00000001)
[    0.003041] ACPI: FACS 0x000000007FFE0000 000040
[    0.003042] ACPI: APIC 0x000000007FFE2DEA 000080 (v03 BOCHS  BXPC     00000001 BXPC 00000001)
[    0.003044] ACPI: MCFG 0x000000007FFE2E6A 00003C (v01 BOCHS  BXPC     00000001 BXPC 00000001)
[    0.003045] ACPI: WAET 0x000000007FFE2EA6 000028 (v01 BOCHS  BXPC     00000001 BXPC 00000001)
[    0.003047] ACPI: Reserving FACP table memory at [mem 0x7ffe2cf6-0x7ffe2de9]
[    0.003048] ACPI: Reserving DSDT table memory at [mem 0x7ffe0040-0x7ffe2cf5]
[    0.003048] ACPI: Reserving FACS table memory at [mem 0x7ffe0000-0x7ffe003f]
[    0.003049] ACPI: Reserving APIC table memory at [mem 0x7ffe2dea-0x7ffe2e69]
[    0.003049] ACPI: Reserving MCFG table memory at [mem 0x7ffe2e6a-0x7ffe2ea5]
[    0.003050] ACPI: Reserving WAET table memory at [mem 0x7ffe2ea6-0x7ffe2ecd]
[    0.003495] No NUMA configuration found
[    0.003497] Faking a node at [mem 0x0000000000000000-0x000000017fffffff]
[    0.003505] NODE_DATA(0) allocated [mem 0x17ffd2f80-0x17fffdfff]
[    0.003651] crashkernel reserved: 0x000000005f000000 - 0x000000007f000000 (512 MB)
[    0.006085] ACPI: PM-Timer IO Port: 0x608
[    0.006096] ACPI: LAPIC_NMI (acpi_id[0xff] dfl dfl lint[0x1])
[    0.006118] IOAPIC[0]: apic_id 0, version 17, address 0xfec00000, GSI 0-23
[    0.006120] ACPI: INT_SRC_OVR (bus 0 bus_irq 0 global_irq 2 dfl dfl)
[    0.006121] ACPI: INT_SRC_OVR (bus 0 bus_irq 5 global_irq 5 high level)
[    0.006122] ACPI: INT_SRC_OVR (bus 0 bus_irq 9 global_irq 9 high level)
[    0.006123] ACPI: INT_SRC_OVR (bus 0 bus_irq 10 global_irq 10 high level)
[    0.006123] ACPI: INT_SRC_OVR (bus 0 bus_irq 11 global_irq 11 high level)
[    0.006125] ACPI: Using ACPI (MADT) for SMP configuration information
[    0.006126] TSC deadline timer available
[    0.006129] CPU topo: Max. logical packages:   2
[    0.006129] CPU topo: Max. logical nodes:      1
[    0.006130] CPU topo: Num. nodes per package:  1
[    0.006132] CPU topo: Max. logical dies:       2
[    0.006132] CPU topo: Max. dies per package:   1
[    0.006135] CPU topo: Max. threads per core:   1
[    0.006135] CPU topo: Num. cores per package:     1
[    0.006136] CPU topo: Num. threads per package:   1
[    0.006136] CPU topo: Allowing 2 present CPUs plus 0 hotplug CPUs
[    0.006148] kvm-guest: APIC: eoi() replaced with kvm_guest_apic_eoi_write()
[    0.006157] kvm-guest: KVM setup pv remote TLB flush
[    0.006160] kvm-guest: setup PV sched yield
[    0.006216] PM: hibernation: Registered nosave memory: [mem 0x00000000-0x00000fff]
[    0.006218] PM: hibernation: Registered nosave memory: [mem 0x0009f000-0x000fffff]
[    0.006219] PM: hibernation: Registered nosave memory: [mem 0x7ffdc000-0xffffffff]
[    0.006221] [gap 0xc0000000-0xfed1bfff] available for PCI devices
[    0.006221] Booting paravirtualized kernel on KVM
[    0.006223] clocksource: refined-jiffies: mask: 0xffffffff max_cycles: 0xffffffff, max_idle_ns: 1910969940391419 ns
[    0.006225] Zone ranges:
[    0.006226]   DMA      [mem 0x0000000000001000-0x0000000000ffffff]
[    0.006227]   DMA32    [mem 0x0000000001000000-0x00000000ffffffff]
[    0.006228]   Normal   [mem 0x0000000100000000-0x000000017fffffff]
[    0.006229]   Device   empty
[    0.006229] Movable zone start for each node
[    0.006231] Early memory node ranges
[    0.006232]   node   0: [mem 0x0000000000001000-0x000000000009efff]
[    0.006232]   node   0: [mem 0x0000000000100000-0x000000007ffdbfff]
[    0.006233]   node   0: [mem 0x0000000100000000-0x000000017fffffff]
[    0.006234] Initmem setup node 0 [mem 0x0000000000001000-0x000000017fffffff]
[    0.007153] On node 0, zone DMA: 1 pages in unavailable ranges
[    0.007162] On node 0, zone DMA: 97 pages in unavailable ranges
[    0.075749] On node 0, zone Normal: 36 pages in unavailable ranges
[    0.075770] setup_percpu: NR_CPUS:8192 nr_cpumask_bits:2 nr_cpu_ids:2 nr_node_ids:1
[    0.078213] percpu: Embedded 85 pages/cpu s225280 r8192 d114688 u1048576
[    0.078218] pcpu-alloc: s225280 r8192 d114688 u1048576 alloc=1*2097152
[    0.078220] pcpu-alloc: [0] 0 1 
[    0.078253] kvm-guest: PV spinlocks enabled
[    0.078255] PV qspinlock hash table entries: 256 (order: 0, 4096 bytes, linear)
[    0.078277] Kernel command line: BOOT_IMAGE=/vmlinuz-7.3.0-rc1-cifs root=/dev/mapper/ubuntu--vg-ubuntu--lv ro crashkernel=2G-4G:320M,4G-32G:512M,32G-64G:1024M,64G-128G:2048M,128G-:4096M
[    0.078327] random: crng init done
[    0.078328] printk: log buffer data + meta data: 262144 + 1114112 = 1376256 bytes
[    0.083120] Dentry cache hash table entries: 524288 (order: 10, 4194304 bytes, linear)
[    0.085531] Inode-cache hash table entries: 262144 (order: 9, 2097152 bytes, linear)
[    0.085561] software IO TLB: area num 2.
[    0.126561] Fallback order for Node 0: 0 
[    0.126566] Built 1 zonelists, mobility grouping on.  Total pages: 1048442
[    0.126568] Policy zone: Normal
[    0.126577] mem auto-init: stack:all(zero), heap alloc:on, heap free:off
[    0.126583] KHO: Failed to reserve lowmem scratch buffer
[    0.126584] KHO: Failed to reserve scratch area, disabling kexec handover
[    0.143305] SLUB: HWalign=64, Order=0-3, MinObjects=0, CPUs=2, Nodes=1
[    0.154115] ftrace: allocating 61370 entries in 240 pages
[    0.154118] ftrace: allocated 240 pages with 4 groups
[    0.156566] Dynamic Preempt: lazy
[    0.157451] rcu: Preemptible hierarchical RCU implementation.
[    0.157452] rcu: 	RCU restricting CPUs from NR_CPUS=8192 to nr_cpu_ids=2.
[    0.157453] 	Trampoline variant of Tasks RCU enabled.
[    0.157454] 	Rude variant of Tasks RCU enabled.
[    0.157454] 	Tracing variant of Tasks RCU enabled.
[    0.157455] rcu: RCU calculated value of scheduler-enlistment delay is 100 jiffies.
[    0.157455] rcu: Adjusting geometry for rcu_fanout_leaf=16, nr_cpu_ids=2
[    0.157465] RCU Tasks: Setting shift to 1 and lim to 1 rcu_task_cb_adjust=1 rcu_task_cpu_ids=2.
[    0.157466] RCU Tasks Rude: Setting shift to 1 and lim to 1 rcu_task_cb_adjust=1 rcu_task_cpu_ids=2.
[    0.164826] NR_IRQS: 524544, nr_irqs: 440, preallocated irqs: 16
[    0.165109] rcu: srcu_init: Setting srcu_struct sizes based on contention.
[    0.165129] clocksource: jiffies: mask: 0xffffffff max_cycles: 0xffffffff, max_idle_ns: 1911260446275000 ns
[    0.165230] Console: colour dummy device 80x25
[    0.165233] printk: legacy console [tty0] enabled
[    0.165451] ACPI: Core revision 20260408
[    0.165539] APIC: Switch to symmetric I/O mode setup
[    0.165699] x2apic enabled
[    0.165926] APIC: Switched APIC routing to: physical x2apic
[    0.165930] kvm-guest: APIC: send_IPI_mask() replaced with kvm_send_ipi_mask()
[    0.165944] kvm-guest: APIC: send_IPI_mask_allbutself() replaced with kvm_send_ipi_mask_allbutself()
[    0.165947] kvm-guest: setup PV IPIs
[    0.166780] tsc: Marking TSC unstable due to TSCs unsynchronized
[    0.166787] Calibrating delay loop (skipped) preset value.. 6799.99 BogoMIPS (lpj=3399998)
[    0.166895] x86/cpu: User Mode Instruction Prevention (UMIP) activated
[    0.166995] Last level iTLB entries: 4KB 512, 2MB 255, 4MB 127
[    0.166997] Last level dTLB entries: 4KB 512, 2MB 255, 4MB 127, 1GB 0
[    0.167006] mitigations: Enabled attack vectors: user_kernel, user_user, guest_host, guest_guest, SMT mitigations: auto
[    0.167011] Speculative Store Bypass: Mitigation: Speculative Store Bypass disabled via prctl
[    0.167014] Transient Scheduler Attacks: Mitigation: Clear CPU buffers
[    0.167016] Spectre V2 : Mitigation: Retpolines
[    0.167017] Speculative Return Stack Overflow: Mitigation: Safe RET
[    0.167019] Spectre V1 : Mitigation: usercopy/swapgs barriers and __user pointer sanitization
[    0.167021] Spectre V2 : Spectre v2 / SpectreRSB: Filling RSB on context switch and VMEXIT
[    0.167024] Spectre V2 : Enabling Restricted Speculation for firmware calls
[    0.167025] Spectre V2 : mitigation: Enabling conditional Indirect Branch Prediction Barrier
[    0.167028] active return thunk: srso_alias_return_thunk
[    0.167046] x86/fpu: Supporting XSAVE feature 0x001: 'x87 floating point registers'
[    0.167048] x86/fpu: Supporting XSAVE feature 0x002: 'SSE registers'
[    0.167050] x86/fpu: Supporting XSAVE feature 0x004: 'AVX registers'
[    0.167051] x86/fpu: Supporting XSAVE feature 0x200: 'Protection Keys User registers'
[    0.167054] x86/fpu: xstate_offset[2]:  576, xstate_sizes[2]:  256
[    0.167055] x86/fpu: xstate_offset[9]:  832, xstate_sizes[9]:    8
[    0.167057] x86/fpu: Enabled xstate features 0x207, context size is 840 bytes, using 'compacted' format.
[    0.167785] pid_max: default: 32768 minimum: 301
[    0.167785] landlock: Up and running.
[    0.167785] Yama: becoming mindful.
[    0.167785] AppArmor: AppArmor initialized
[    0.167785] Mount-cache hash table entries: 8192 (order: 4, 65536 bytes, linear)
[    0.167785] Mountpoint-cache hash table entries: 8192 (order: 4, 65536 bytes, linear)
[    0.167785] VFS: Finished mounting rootfs on nullfs
[    0.167785] smpboot: CPU0: AMD Ryzen 7 5800X3D 8-Core Processor (family: 0x19, model: 0x21, stepping: 0x2)
[    0.167785] Performance Events: Fam17h+ core perfctr, AMD PMU driver.
[    0.167785] ... version:                   0
[    0.167785] ... bit width:                 48
[    0.167785] ... generic counters:          6
[    0.167785] ... generic bitmap:            000000000000003f
[    0.167785] ... fixed-purpose counters:    0
[    0.167785] ... fixed-purpose bitmap:      0000000000000000
[    0.167785] ... value mask:                0000ffffffffffff
[    0.167785] ... max period:                00007fffffffffff
[    0.167785] ... global_ctrl mask:          000000000000003f
[    0.167785] signal: max sigframe size: 3376
[    0.167785] rcu: Hierarchical SRCU implementation.
[    0.167785] rcu: 	Max phase no-delay instances is 400.
[    0.167785] Timer migration: 1 hierarchy levels; 8 children per group; 1 crossnode level
[    0.174072] smp: Bringing up secondary CPUs ...
[    0.175122] smpboot: x86: Booting SMP configuration:
[    0.175127] .... node  #0, CPUs:      #1
[    0.175234] smp: Brought up 1 node, 2 CPUs
[    0.175234] smpboot: Total of 2 processors activated (13599.99 BogoMIPS)
[    0.176005] Memory: 3403124K/4193768K available (23868K kernel code, 4952K rwdata, 16780K rodata, 5352K init, 5852K bss, 783036K reserved, 0K cma-reserved)
[    0.176005] devtmpfs: initialized
[    0.176005] x86/mm: Memory block size: 128MB
[    0.177806] posixtimers hash table entries: 1024 (order: 2, 16384 bytes, linear)
[    0.177840] futex hash table entries: 512 (32768 bytes on 1 NUMA nodes, total 32 KiB, linear).
[    0.178187] PM: RTC time: 23:25:40, date: 2026-09-06
[    0.180750] NET: Registered PF_NETLINK/PF_ROUTE protocol family
[    0.182233] DMA: preallocated 512 KiB GFP_KERNEL pool for atomic allocations
[    0.182272] DMA: preallocated 512 KiB GFP_KERNEL|GFP_DMA pool for atomic allocations
[    0.182310] DMA: preallocated 512 KiB GFP_KERNEL|GFP_DMA32 pool for atomic allocations
[    0.182323] audit: initializing netlink subsys (disabled)
[    0.182370] audit: type=2000 audit(1788737141.057:1): state=initialized audit_enabled=0 res=1
[    0.200666] thermal_sys: Registered thermal governor 'fair_share'
[    0.200668] thermal_sys: Registered thermal governor 'bang_bang'
[    0.200673] thermal_sys: Registered thermal governor 'step_wise'
[    0.200677] thermal_sys: Registered thermal governor 'user_space'
[    0.200680] thermal_sys: Registered thermal governor 'power_allocator'
[    0.200696] cpuidle: using governor ladder
[    0.200706] cpuidle: using governor menu
[    0.201624] acpiphp: ACPI Hot Plug PCI Controller Driver version: 0.5
[    0.201964] PCI: ECAM [mem 0xb0000000-0xbfffffff] (base 0xb0000000) for domain 0000 [bus 00-ff]
[    0.201981] PCI: Using configuration type 1 for base access
[    0.202035] virt/tdx: TDX not supported by the host platform
[    0.202124] kprobes: kprobe jump-optimization is enabled. All kprobes are optimized if possible.
[    0.206851] HugeTLB: registered 1.00 GiB page size, pre-allocated 0 pages
[    0.206857] HugeTLB: 16380 KiB vmemmap can be freed for a 1.00 GiB page
[    0.206862] HugeTLB: registered 2.00 MiB page size, pre-allocated 0 pages
[    0.206866] HugeTLB: 28 KiB vmemmap can be freed for a 2.00 MiB page
[    0.220409] fbcon: Taking over console
[    0.220438] ACPI: Added _OSI(Module Device)
[    0.220442] ACPI: Added _OSI(Processor Device)
[    0.220445] ACPI: Added _OSI(Processor Aggregator Device)
[    0.223846] ACPI: 1 ACPI AML tables successfully acquired and loaded
[    0.225822] ACPI: \_SB_: platform _OSC: OS support mask [006e7eff]
[    0.226121] ACPI: Interpreter enabled
[    0.226133] ACPI: PM: (supports S0 S5)
[    0.226137] ACPI: Using IOAPIC for interrupt routing
[    0.226382] PCI: Using host bridge windows from ACPI; if necessary, use "pci=nocrs" and report a bug
[    0.226388] PCI: Ignoring E820 reservations for host bridge windows
[    0.226558] ACPI: Enabled 2 GPEs in block 00 to 3F
[    0.231139] ACPI: PCI Root Bridge [PCI0] (domain 0000 [bus 00-ff])
[    0.231148] acpi PNP0A08:00: _OSC: OS supports [ExtendedConfig ASPM ClockPM Segments MSI EDR HPX-Type3]
[    0.231230] acpi PNP0A08:00: _OSC: platform does not support [PCIeHotplug LTR DPC]
[    0.231358] acpi PNP0A08:00: _OSC: OS now controls [SHPCHotplug PME AER PCIeCapability]
[    0.231953] PCI host bridge to bus 0000:00
[    0.231963] pci_bus 0000:00: root bus resource [io  0x0000-0x0cf7 window]
[    0.231968] pci_bus 0000:00: root bus resource [io  0x0d00-0xffff window]
[    0.231973] pci_bus 0000:00: root bus resource [mem 0x000a0000-0x000bffff window]
[    0.231978] pci_bus 0000:00: root bus resource [mem 0x80000000-0xafffffff window]
[    0.231983] pci_bus 0000:00: root bus resource [mem 0xc0000000-0xfebfffff window]
[    0.231988] pci_bus 0000:00: root bus resource [mem 0xe0000000000-0xe2200003fff window]
[    0.231994] pci_bus 0000:00: root bus resource [bus 00-ff]
[    0.232067] pci 0000:00:00.0: [8086:29c0] type 00 class 0x060000 conventional PCI endpoint
[    0.232991] pci 0000:00:01.0: [1af4:1050] type 00 class 0x030000 conventional PCI endpoint
[    0.234857] pci 0000:00:01.0: BAR 0 [mem 0xfc000000-0xfc7fffff pref]
[    0.234942] pci 0000:00:01.0: BAR 2 [mem 0xe2200000000-0xe2200003fff 64bit pref]
[    0.234977] pci 0000:00:01.0: BAR 4 [mem 0xfea10000-0xfea10fff]
[    0.235006] pci 0000:00:01.0: ROM [mem 0xfea00000-0xfea0ffff pref]
[    0.235203] pci 0000:00:01.0: Video device with shadowed ROM at [mem 0x000c0000-0x000dffff]
[    0.236598] pci 0000:00:02.0: [1b36:000c] type 01 class 0x060400 PCIe Root Port
[    0.238802] pci 0000:00:02.0: BAR 0 [mem 0xfea11000-0xfea11fff]
[    0.238843] pci 0000:00:02.0: PCI bridge to [bus 01]
[    0.238910] pci 0000:00:02.0:   bridge window [mem 0xfe800000-0xfe9fffff]
[    0.239842] pci 0000:00:02.0:   bridge window [mem 0xe2000000000-0xe21ffffffff 64bit pref]
[    0.239960] pci 0000:00:02.0: enabling Extended Tags
[    0.241207] pci 0000:00:02.1: [1b36:000c] type 01 class 0x060400 PCIe Root Port
[    0.243802] pci 0000:00:02.1: BAR 0 [mem 0xfea12000-0xfea12fff]
[    0.243843] pci 0000:00:02.1: PCI bridge to [bus 02]
[    0.243904] pci 0000:00:02.1:   bridge window [mem 0xfe600000-0xfe7fffff]
[    0.244812] pci 0000:00:02.1:   bridge window [mem 0xe1e00000000-0xe1fffffffff 64bit pref]
[    0.244931] pci 0000:00:02.1: enabling Extended Tags
[    0.246215] pci 0000:00:02.2: [1b36:000c] type 01 class 0x060400 PCIe Root Port
[    0.248802] pci 0000:00:02.2: BAR 0 [mem 0xfea13000-0xfea13fff]
[    0.248843] pci 0000:00:02.2: PCI bridge to [bus 03]
[    0.248905] pci 0000:00:02.2:   bridge window [mem 0xfe400000-0xfe5fffff]
[    0.249835] pci 0000:00:02.2:   bridge window [mem 0xe1c00000000-0xe1dffffffff 64bit pref]
[    0.249954] pci 0000:00:02.2: enabling Extended Tags
[    0.251871] pci 0000:00:02.3: [1b36:000c] type 01 class 0x060400 PCIe Root Port
[    0.253471] pci 0000:00:02.3: BAR 0 [mem 0xfea14000-0xfea14fff]
[    0.253512] pci 0000:00:02.3: PCI bridge to [bus 04]
[    0.253574] pci 0000:00:02.3:   bridge window [mem 0xfe200000-0xfe3fffff]
[    0.254243] pci 0000:00:02.3:   bridge window [mem 0xe1a00000000-0xe1bffffffff 64bit pref]
[    0.254364] pci 0000:00:02.3: enabling Extended Tags
[    0.255629] pci 0000:00:02.4: [1b36:000c] type 01 class 0x060400 PCIe Root Port
[    0.257939] pci 0000:00:02.4: BAR 0 [mem 0xfea15000-0xfea15fff]
[    0.257980] pci 0000:00:02.4: PCI bridge to [bus 05]
[    0.258042] pci 0000:00:02.4:   bridge window [mem 0xfe000000-0xfe1fffff]
[    0.259553] pci 0000:00:02.4:   bridge window [mem 0xe1800000000-0xe19ffffffff 64bit pref]
[    0.259672] pci 0000:00:02.4: enabling Extended Tags
[    0.261820] pci 0000:00:02.5: [1b36:000c] type 01 class 0x060400 PCIe Root Port
[    0.263376] pci 0000:00:02.5: BAR 0 [mem 0xfea16000-0xfea16fff]
[    0.263416] pci 0000:00:02.5: PCI bridge to [bus 06]
[    0.263478] pci 0000:00:02.5:   bridge window [mem 0xfde00000-0xfdffffff]
[    0.263835] pci 0000:00:02.5:   bridge window [mem 0xe1600000000-0xe17ffffffff 64bit pref]
[    0.263962] pci 0000:00:02.5: enabling Extended Tags
[    0.265255] pci 0000:00:02.6: [1b36:000c] type 01 class 0x060400 PCIe Root Port
[    0.266802] pci 0000:00:02.6: BAR 0 [mem 0xfea17000-0xfea17fff]
[    0.266843] pci 0000:00:02.6: PCI bridge to [bus 07]
[    0.266904] pci 0000:00:02.6:   bridge window [mem 0xfdc00000-0xfddfffff]
[    0.267835] pci 0000:00:02.6:   bridge window [mem 0xe1400000000-0xe15ffffffff 64bit pref]
[    0.267954] pci 0000:00:02.6: enabling Extended Tags
[    0.269175] pci 0000:00:02.7: [1b36:000c] type 01 class 0x060400 PCIe Root Port
[    0.271802] pci 0000:00:02.7: BAR 0 [mem 0xfea18000-0xfea18fff]
[    0.271843] pci 0000:00:02.7: PCI bridge to [bus 08]
[    0.271905] pci 0000:00:02.7:   bridge window [mem 0xfda00000-0xfdbfffff]
[    0.272480] pci 0000:00:02.7:   bridge window [mem 0xe1200000000-0xe13ffffffff 64bit pref]
[    0.272599] pci 0000:00:02.7: enabling Extended Tags
[    0.273802] pci 0000:00:03.0: [1b36:000c] type 01 class 0x060400 PCIe Root Port
[    0.275465] pci 0000:00:03.0: BAR 0 [mem 0xfea19000-0xfea19fff]
[    0.275509] pci 0000:00:03.0: PCI bridge to [bus 09]
[    0.275571] pci 0000:00:03.0:   bridge window [mem 0xfd800000-0xfd9fffff]
[    0.276253] pci 0000:00:03.0:   bridge window [mem 0xe1000000000-0xe11ffffffff 64bit pref]
[    0.276372] pci 0000:00:03.0: enabling Extended Tags
[    0.277584] pci 0000:00:03.1: [1b36:000c] type 01 class 0x060400 PCIe Root Port
[    0.280497] pci 0000:00:03.1: BAR 0 [mem 0xfea1a000-0xfea1afff]
[    0.280548] pci 0000:00:03.1: PCI bridge to [bus 0a]
[    0.280625] pci 0000:00:03.1:   bridge window [mem 0xfd600000-0xfd7fffff]
[    0.281065] pci 0000:00:03.1:   bridge window [mem 0xe0e00000000-0xe0fffffffff 64bit pref]
[    0.281183] pci 0000:00:03.1: enabling Extended Tags
[    0.282440] pci 0000:00:03.2: [1b36:000c] type 01 class 0x060400 PCIe Root Port
[    0.283802] pci 0000:00:03.2: BAR 0 [mem 0xfea1b000-0xfea1bfff]
[    0.283843] pci 0000:00:03.2: PCI bridge to [bus 0b]
[    0.283905] pci 0000:00:03.2:   bridge window [mem 0xfd400000-0xfd5fffff]
[    0.284632] pci 0000:00:03.2:   bridge window [mem 0xe0c00000000-0xe0dffffffff 64bit pref]
[    0.284751] pci 0000:00:03.2: enabling Extended Tags
[    0.285978] pci 0000:00:03.3: [1b36:000c] type 01 class 0x060400 PCIe Root Port
[    0.287735] pci 0000:00:03.3: BAR 0 [mem 0xfea1c000-0xfea1cfff]
[    0.287776] pci 0000:00:03.3: PCI bridge to [bus 0c]
[    0.287834] pci 0000:00:03.3:   bridge window [mem 0xfd200000-0xfd3fffff]
[    0.289830] pci 0000:00:03.3:   bridge window [mem 0xe0a00000000-0xe0bffffffff 64bit pref]
[    0.289985] pci 0000:00:03.3: enabling Extended Tags
[    0.291438] pci 0000:00:03.4: [1b36:000c] type 01 class 0x060400 PCIe Root Port
[    0.292802] pci 0000:00:03.4: BAR 0 [mem 0xfea1d000-0xfea1dfff]
[    0.292843] pci 0000:00:03.4: PCI bridge to [bus 0d]
[    0.292905] pci 0000:00:03.4:   bridge window [mem 0xfd000000-0xfd1fffff]
[    0.293516] pci 0000:00:03.4:   bridge window [mem 0xe0800000000-0xe09ffffffff 64bit pref]
[    0.293635] pci 0000:00:03.4: enabling Extended Tags
[    0.294854] pci 0000:00:03.5: [1b36:000c] type 01 class 0x060400 PCIe Root Port
[    0.296399] pci 0000:00:03.5: BAR 0 [mem 0xfea1e000-0xfea1efff]
[    0.296440] pci 0000:00:03.5: PCI bridge to [bus 0e]
[    0.296502] pci 0000:00:03.5:   bridge window [mem 0xfce00000-0xfcffffff]
[    0.297161] pci 0000:00:03.5:   bridge window [mem 0xe0600000000-0xe07ffffffff 64bit pref]
[    0.297280] pci 0000:00:03.5: enabling Extended Tags
[    0.298572] pci 0000:00:03.6: [1b36:000c] type 01 class 0x060400 PCIe Root Port
[    0.300802] pci 0000:00:03.6: BAR 0 [mem 0xfea1f000-0xfea1ffff]
[    0.300847] pci 0000:00:03.6: PCI bridge to [bus 0f]
[    0.300908] pci 0000:00:03.6:   bridge window [mem 0xfcc00000-0xfcdfffff]
[    0.301427] pci 0000:00:03.6:   bridge window [mem 0xe0400000000-0xe05ffffffff 64bit pref]
[    0.301546] pci 0000:00:03.6: enabling Extended Tags
[    0.302758] pci 0000:00:03.7: [1b36:000c] type 01 class 0x060400 PCIe Root Port
[    0.303802] pci 0000:00:03.7: BAR 0 [mem 0xfea20000-0xfea20fff]
[    0.303843] pci 0000:00:03.7: PCI bridge to [bus 10]
[    0.303904] pci 0000:00:03.7:   bridge window [mem 0xfca00000-0xfcbfffff]
[    0.304471] pci 0000:00:03.7:   bridge window [mem 0xe0200000000-0xe03ffffffff 64bit pref]
[    0.304590] pci 0000:00:03.7: enabling Extended Tags
[    0.305834] pci 0000:00:04.0: [1b36:000c] type 01 class 0x060400 PCIe Root Port
[    0.307834] pci 0000:00:04.0: BAR 0 [mem 0xfea21000-0xfea21fff]
[    0.307875] pci 0000:00:04.0: PCI bridge to [bus 11]
[    0.307937] pci 0000:00:04.0:   bridge window [mem 0xfc800000-0xfc9fffff]
[    0.309835] pci 0000:00:04.0:   bridge window [mem 0xe0000000000-0xe01ffffffff 64bit pref]
[    0.309954] pci 0000:00:04.0: enabling Extended Tags
[    0.317318] pci 0000:00:1f.0: [8086:2918] type 00 class 0x060100 conventional PCI endpoint
[    0.317885] pci 0000:00:1f.0: quirk: [io  0x0600-0x067f] claimed by ICH6 ACPI/GPIO/TCO
[    0.318287] pci 0000:00:1f.2: [8086:2922] type 00 class 0x010601 conventional PCI endpoint
[    0.319835] pci 0000:00:1f.2: BAR 4 [io  0xc040-0xc05f]
[    0.319853] pci 0000:00:1f.2: BAR 5 [mem 0xfea22000-0xfea22fff]
[    0.320477] pci 0000:00:1f.3: [8086:2930] type 00 class 0x0c0500 conventional PCI endpoint
[    0.321387] pci 0000:00:1f.3: BAR 4 [io  0x0700-0x073f]
[    0.322117] acpiphp: Slot [0] registered
[    0.322374] pci 0000:00:02.0: PCI bridge to [bus 01]
[    0.323093] acpiphp: Slot [0-2] registered
[    0.323348] pci 0000:00:02.1: PCI bridge to [bus 02]
[    0.324032] acpiphp: Slot [0-3] registered
[    0.324259] pci 0000:03:00.0: [1b36:000d] type 00 class 0x0c0330 PCIe Endpoint
[    0.325107] pci 0000:03:00.0: BAR 0 [mem 0xfe400000-0xfe403fff 64bit]
[    0.325243] pci 0000:03:00.0: enabling Extended Tags
[    0.327629] pci 0000:00:02.2: PCI bridge to [bus 03]
[    0.328288] acpiphp: Slot [0-4] registered
[    0.328564] pci 0000:04:00.0: [1af4:1043] type 00 class 0x078000 PCIe Endpoint
[    0.329814] pci 0000:04:00.0: BAR 1 [mem 0xfe200000-0xfe200fff]
[    0.329867] pci 0000:04:00.0: BAR 4 [mem 0xe1a00000000-0xe1a00003fff 64bit pref]
[    0.329953] pci 0000:04:00.0: enabling Extended Tags
[    0.332872] pci 0000:00:02.3: PCI bridge to [bus 04]
[    0.333744] acpiphp: Slot [0-5] registered
[    0.334054] pci 0000:05:00.0: [1af4:1042] type 00 class 0x010000 PCIe Endpoint
[    0.335790] pci 0000:05:00.0: BAR 1 [mem 0xfe000000-0xfe000fff]
[    0.335843] pci 0000:05:00.0: BAR 4 [mem 0xe1800000000-0xe1800003fff 64bit pref]
[    0.335930] pci 0000:05:00.0: enabling Extended Tags
[    0.339044] pci 0000:00:02.4: PCI bridge to [bus 05]
[    0.340054] acpiphp: Slot [0-6] registered
[    0.340330] pci 0000:06:00.0: [1af4:1045] type 00 class 0x00ff00 PCIe Endpoint
[    0.341535] pci 0000:06:00.0: BAR 1 [mem 0xfde00000-0xfde00fff]
[    0.341595] pci 0000:06:00.0: BAR 4 [mem 0xe1600000000-0xe1600003fff 64bit pref]
[    0.341687] pci 0000:06:00.0: enabling Extended Tags
[    0.344349] pci 0000:00:02.5: PCI bridge to [bus 06]
[    0.345041] acpiphp: Slot [0-7] registered
[    0.345315] pci 0000:07:00.0: [1af4:1044] type 00 class 0x00ff00 PCIe Endpoint
[    0.346558] pci 0000:07:00.0: BAR 1 [mem 0xfdc00000-0xfdc00fff]
[    0.346611] pci 0000:07:00.0: BAR 4 [mem 0xe1400000000-0xe1400003fff 64bit pref]
[    0.346697] pci 0000:07:00.0: enabling Extended Tags
[    0.349863] pci 0000:00:02.6: PCI bridge to [bus 07]
[    0.350814] acpiphp: Slot [0-8] registered
[    0.351098] pci 0000:00:02.7: PCI bridge to [bus 08]
[    0.352010] acpiphp: Slot [0-9] registered
[    0.352288] pci 0000:00:03.0: PCI bridge to [bus 09]
[    0.353070] acpiphp: Slot [0-10] registered
[    0.353349] pci 0000:00:03.1: PCI bridge to [bus 0a]
[    0.354055] acpiphp: Slot [0-11] registered
[    0.354325] pci 0000:00:03.2: PCI bridge to [bus 0b]
[    0.355072] acpiphp: Slot [0-12] registered
[    0.355351] pci 0000:00:03.3: PCI bridge to [bus 0c]
[    0.356054] acpiphp: Slot [0-13] registered
[    0.356333] pci 0000:00:03.4: PCI bridge to [bus 0d]
[    0.357055] acpiphp: Slot [0-14] registered
[    0.357311] pci 0000:00:03.5: PCI bridge to [bus 0e]
[    0.358817] acpiphp: Slot [0-15] registered
[    0.359094] pci 0000:00:03.6: PCI bridge to [bus 0f]
[    0.360022] acpiphp: Slot [0-16] registered
[    0.360309] pci 0000:10:00.0: [1af4:1041] type 00 class 0x020000 PCIe Endpoint
[    0.361621] pci 0000:10:00.0: BAR 1 [mem 0xfca40000-0xfca40fff]
[    0.361674] pci 0000:10:00.0: BAR 4 [mem 0xe0200000000-0xe0200003fff 64bit pref]
[    0.361692] pci 0000:10:00.0: ROM [mem 0xfca00000-0xfca3ffff pref]
[    0.361767] pci 0000:10:00.0: enabling Extended Tags
[    0.364560] pci 0000:00:03.7: PCI bridge to [bus 10]
[    0.365346] acpiphp: Slot [0-17] registered
[    0.365636] pci 0000:11:00.0: [1af4:1041] type 00 class 0x020000 PCIe Endpoint
[    0.366604] pci 0000:11:00.0: BAR 1 [mem 0xfc840000-0xfc840fff]
[    0.366662] pci 0000:11:00.0: BAR 4 [mem 0xe0000000000-0xe0000003fff 64bit pref]
[    0.366681] pci 0000:11:00.0: ROM [mem 0xfc800000-0xfc83ffff pref]
[    0.366763] pci 0000:11:00.0: enabling Extended Tags
[    0.370178] pci 0000:00:04.0: PCI bridge to [bus 11]
[    0.393140] ACPI: PCI: Interrupt link LNKA configured for IRQ 10
[    0.393327] ACPI: PCI: Interrupt link LNKB configured for IRQ 10
[    0.393488] ACPI: PCI: Interrupt link LNKC configured for IRQ 11
[    0.393660] ACPI: PCI: Interrupt link LNKD configured for IRQ 11
[    0.393822] ACPI: PCI: Interrupt link LNKE configured for IRQ 10
[    0.393983] ACPI: PCI: Interrupt link LNKF configured for IRQ 10
[    0.394144] ACPI: PCI: Interrupt link LNKG configured for IRQ 11
[    0.394309] ACPI: PCI: Interrupt link LNKH configured for IRQ 11
[    0.394376] ACPI: PCI: Interrupt link GSIA configured for IRQ 16
[    0.394394] ACPI: PCI: Interrupt link GSIB configured for IRQ 17
[    0.394409] ACPI: PCI: Interrupt link GSIC configured for IRQ 18
[    0.394424] ACPI: PCI: Interrupt link GSID configured for IRQ 19
[    0.394442] ACPI: PCI: Interrupt link GSIE configured for IRQ 20
[    0.394469] ACPI: PCI: Interrupt link GSIF configured for IRQ 21
[    0.394488] ACPI: PCI: Interrupt link GSIG configured for IRQ 22
[    0.394502] ACPI: PCI: Interrupt link GSIH configured for IRQ 23
[    0.395636] iommu: Default domain type: Translated
[    0.395636] iommu: DMA domain TLB invalidation policy: lazy mode
[    0.396319] SCSI subsystem initialized
[    0.396453] libata version 3.00 loaded.
[    0.396527] ACPI: bus type USB registered
[    0.396580] usbcore: registered new interface driver usbfs
[    0.396597] usbcore: registered new interface driver hub
[    0.396609] usbcore: registered new device driver usb
[    0.396658] pps_core: LinuxPPS API ver. 1 registered
[    0.396666] pps_core: Software ver. 5.3.6 - Copyright 2005-2007 Rodolfo Giometti <giometti@linux.it>
[    0.396678] PTP clock support registered
[    0.396894] EDAC MC: Ver: 3.0.0
[    0.399004] NetLabel: Initializing
[    0.399013] NetLabel:  domain hash size = 128
[    0.399022] NetLabel:  protocols = UNLABELED CIPSOv4 CALIPSO
[    0.399074] NetLabel:  unlabeled traffic allowed by default
[    0.399106] mctp: management component transport protocol core
[    0.399106] NET: Registered PF_MCTP protocol family
[    0.399106] PCI: Using ACPI for IRQ routing
[    0.544917] PCI: pci_cache_line_size set to 64 bytes
[    0.545636] e820: register RAM buffer resource [mem 0x0009fc00-0x0009ffff]
[    0.545650] e820: register RAM buffer resource [mem 0x7ffdc000-0x7fffffff]
[    0.545721] pci 0000:00:01.0: vgaarb: setting as boot VGA device
[    0.545721] pci 0000:00:01.0: vgaarb: bridge control possible
[    0.545721] pci 0000:00:01.0: vgaarb: VGA device added: decodes=io+mem,owns=io+mem,locks=none
[    0.545796] vgaarb: loaded
[    0.546077] clocksource: Switched to clocksource kvm-clock
[    0.547991] VFS: Disk quotas dquot_6.6.0
[    0.548045] VFS: Dquot-cache hash table entries: 512 (4096 bytes)
[    0.549932] AppArmor: AppArmor Filesystem Enabled
[    0.549973] acpi PNP0C01:00: Reserved [mem 0xb0000000-0xbfffffff]
[    0.550010] pnp: PnP ACPI init
[    0.550532] pnp: PnP ACPI: found 3 devices
[    0.557608] clocksource: acpi_pm: mask: 0xffffff max_cycles: 0xffffff, max_idle_ns: 2085701024 ns
[    0.557745] NET: Registered PF_INET protocol family
[    0.557813] IP idents hash table entries: 65536 (order: 7, 524288 bytes, linear)
[    0.558636] tcp_listen_portaddr_hash hash table entries: 2048 (order: 3, 32768 bytes, linear)
[    0.558650] Table-perturb hash table entries: 65536 (order: 6, 262144 bytes, linear)
[    0.558678] TCP established hash table entries: 32768 (order: 6, 262144 bytes, linear)
[    0.559710] TCP bind hash table entries: 32768 (order: 8, 1048576 bytes, linear)
[    0.559761] TCP: Hash tables configured (established 32768 bind 32768)
[    0.559839] MPTCP token hash table entries: 4096 (order: 5, 98304 bytes, linear)
[    0.559862] UDP hash table entries: 2048 (order: 5, 131072 bytes, linear)
[    0.559934] NET: Registered PF_UNIX/PF_LOCAL protocol family
[    0.559956] NET: Registered PF_XDP protocol family
[    0.559975] pci 0000:00:02.0: bridge window [io  0x1000-0x0fff] to [bus 01] add_size 1000
[    0.559982] pci 0000:00:02.1: bridge window [io  0x1000-0x0fff] to [bus 02] add_size 1000
[    0.559988] pci 0000:00:02.2: bridge window [io  0x1000-0x0fff] to [bus 03] add_size 1000
[    0.559994] pci 0000:00:02.3: bridge window [io  0x1000-0x0fff] to [bus 04] add_size 1000
[    0.559999] pci 0000:00:02.4: bridge window [io  0x1000-0x0fff] to [bus 05] add_size 1000
[    0.560005] pci 0000:00:02.5: bridge window [io  0x1000-0x0fff] to [bus 06] add_size 1000
[    0.560010] pci 0000:00:02.6: bridge window [io  0x1000-0x0fff] to [bus 07] add_size 1000
[    0.560016] pci 0000:00:02.7: bridge window [io  0x1000-0x0fff] to [bus 08] add_size 1000
[    0.560021] pci 0000:00:03.0: bridge window [io  0x1000-0x0fff] to [bus 09] add_size 1000
[    0.560027] pci 0000:00:03.1: bridge window [io  0x1000-0x0fff] to [bus 0a] add_size 1000
[    0.560032] pci 0000:00:03.2: bridge window [io  0x1000-0x0fff] to [bus 0b] add_size 1000
[    0.560038] pci 0000:00:03.3: bridge window [io  0x1000-0x0fff] to [bus 0c] add_size 1000
[    0.560044] pci 0000:00:03.4: bridge window [io  0x1000-0x0fff] to [bus 0d] add_size 1000
[    0.560049] pci 0000:00:03.5: bridge window [io  0x1000-0x0fff] to [bus 0e] add_size 1000
[    0.560055] pci 0000:00:03.6: bridge window [io  0x1000-0x0fff] to [bus 0f] add_size 1000
[    0.560060] pci 0000:00:03.7: bridge window [io  0x1000-0x0fff] to [bus 10] add_size 1000
[    0.560066] pci 0000:00:04.0: bridge window [io  0x1000-0x0fff] to [bus 11] add_size 1000
[    0.560085] pci 0000:00:02.0: bridge window [io  0x1000-0x1fff]: assigned
[    0.560091] pci 0000:00:02.1: bridge window [io  0x2000-0x2fff]: assigned
[    0.560096] pci 0000:00:02.2: bridge window [io  0x3000-0x3fff]: assigned
[    0.560101] pci 0000:00:02.3: bridge window [io  0x4000-0x4fff]: assigned
[    0.560106] pci 0000:00:02.4: bridge window [io  0x5000-0x5fff]: assigned
[    0.560111] pci 0000:00:02.5: bridge window [io  0x6000-0x6fff]: assigned
[    0.560115] pci 0000:00:02.6: bridge window [io  0x7000-0x7fff]: assigned
[    0.560120] pci 0000:00:02.7: bridge window [io  0x8000-0x8fff]: assigned
[    0.560125] pci 0000:00:03.0: bridge window [io  0x9000-0x9fff]: assigned
[    0.560130] pci 0000:00:03.1: bridge window [io  0xa000-0xafff]: assigned
[    0.560135] pci 0000:00:03.2: bridge window [io  0xb000-0xbfff]: assigned
[    0.560140] pci 0000:00:03.3: bridge window [io  0xd000-0xdfff]: assigned
[    0.560145] pci 0000:00:03.4: bridge window [io  0xe000-0xefff]: assigned
[    0.560151] pci 0000:00:03.5: bridge window [io  0xf000-0xffff]: assigned
[    0.560156] pci 0000:00:03.6: bridge window [io  size 0x1000]: can't assign; no space
[    0.560161] pci 0000:00:03.6: bridge window [io  size 0x1000]: failed to assign
[    0.560166] pci 0000:00:03.7: bridge window [io  size 0x1000]: can't assign; no space
[    0.560171] pci 0000:00:03.7: bridge window [io  size 0x1000]: failed to assign
[    0.560177] pci 0000:00:04.0: bridge window [io  size 0x1000]: can't assign; no space
[    0.560184] pci 0000:00:04.0: bridge window [io  size 0x1000]: failed to assign
[    0.560189] pci 0000:00:02.0: bridge window [io  0x1000-0x1fff]: releasing
[    0.560193] pci 0000:00:02.1: bridge window [io  0x2000-0x2fff]: releasing
[    0.560198] pci 0000:00:02.2: bridge window [io  0x3000-0x3fff]: releasing
[    0.560202] pci 0000:00:02.3: bridge window [io  0x4000-0x4fff]: releasing
[    0.560207] pci 0000:00:02.4: bridge window [io  0x5000-0x5fff]: releasing
[    0.560211] pci 0000:00:02.5: bridge window [io  0x6000-0x6fff]: releasing
[    0.560216] pci 0000:00:02.6: bridge window [io  0x7000-0x7fff]: releasing
[    0.560220] pci 0000:00:02.7: bridge window [io  0x8000-0x8fff]: releasing
[    0.560224] pci 0000:00:03.0: bridge window [io  0x9000-0x9fff]: releasing
[    0.560229] pci 0000:00:03.1: bridge window [io  0xa000-0xafff]: releasing
[    0.560233] pci 0000:00:03.2: bridge window [io  0xb000-0xbfff]: releasing
[    0.560238] pci 0000:00:03.3: bridge window [io  0xd000-0xdfff]: releasing
[    0.560242] pci 0000:00:03.4: bridge window [io  0xe000-0xefff]: releasing
[    0.560246] pci 0000:00:03.5: bridge window [io  0xf000-0xffff]: releasing
[    0.560252] pci 0000:00:04.0: bridge window [io  0x1000-0x1fff]: assigned
[    0.560257] pci 0000:00:03.7: bridge window [io  0x2000-0x2fff]: assigned
[    0.560262] pci 0000:00:03.6: bridge window [io  0x3000-0x3fff]: assigned
[    0.560267] pci 0000:00:03.5: bridge window [io  0x4000-0x4fff]: assigned
[    0.560272] pci 0000:00:03.4: bridge window [io  0x5000-0x5fff]: assigned
[    0.560277] pci 0000:00:03.3: bridge window [io  0x6000-0x6fff]: assigned
[    0.560282] pci 0000:00:03.2: bridge window [io  0x7000-0x7fff]: assigned
[    0.560287] pci 0000:00:03.1: bridge window [io  0x8000-0x8fff]: assigned
[    0.560292] pci 0000:00:03.0: bridge window [io  0x9000-0x9fff]: assigned
[    0.560297] pci 0000:00:02.7: bridge window [io  0xa000-0xafff]: assigned
[    0.560302] pci 0000:00:02.6: bridge window [io  0xb000-0xbfff]: assigned
[    0.560307] pci 0000:00:02.5: bridge window [io  0xd000-0xdfff]: assigned
[    0.560312] pci 0000:00:02.4: bridge window [io  0xe000-0xefff]: assigned
[    0.560318] pci 0000:00:02.3: bridge window [io  0xf000-0xffff]: assigned
[    0.560323] pci 0000:00:02.2: bridge window [io  size 0x1000]: can't assign; no space
[    0.560327] pci 0000:00:02.2: bridge window [io  size 0x1000]: failed to assign
[    0.560333] pci 0000:00:02.1: bridge window [io  size 0x1000]: can't assign; no space
[    0.560338] pci 0000:00:02.1: bridge window [io  size 0x1000]: failed to assign
[    0.560343] pci 0000:00:02.0: bridge window [io  size 0x1000]: can't assign; no space
[    0.560348] pci 0000:00:02.0: bridge window [io  size 0x1000]: failed to assign
[    0.560354] pci 0000:00:02.0: PCI bridge to [bus 01]
[    0.562508] pci 0000:00:02.0:   bridge window [mem 0xfe800000-0xfe9fffff]
[    0.563842] pci 0000:00:02.0:   bridge window [mem 0xe2000000000-0xe21ffffffff 64bit pref]
[    0.566433] pci 0000:00:02.1: PCI bridge to [bus 02]
[    0.568480] pci 0000:00:02.1:   bridge window [mem 0xfe600000-0xfe7fffff]
[    0.569865] pci 0000:00:02.1:   bridge window [mem 0xe1e00000000-0xe1fffffffff 64bit pref]
[    0.572815] pci 0000:00:02.2: PCI bridge to [bus 03]
[    0.573852] pci 0000:00:02.2:   bridge window [mem 0xfe400000-0xfe5fffff]
[    0.574676] pci 0000:00:02.2:   bridge window [mem 0xe1c00000000-0xe1dffffffff 64bit pref]
[    0.576208] pci 0000:00:02.3: PCI bridge to [bus 04]
[    0.576227] pci 0000:00:02.3:   bridge window [io  0xf000-0xffff]
[    0.577813] pci 0000:00:02.3:   bridge window [mem 0xfe200000-0xfe3fffff]
[    0.579151] pci 0000:00:02.3:   bridge window [mem 0xe1a00000000-0xe1bffffffff 64bit pref]
[    0.582080] pci 0000:00:02.4: PCI bridge to [bus 05]
[    0.582103] pci 0000:00:02.4:   bridge window [io  0xe000-0xefff]
[    0.584981] pci 0000:00:02.4:   bridge window [mem 0xfe000000-0xfe1fffff]
[    0.585604] pci 0000:00:02.4:   bridge window [mem 0xe1800000000-0xe19ffffffff 64bit pref]
[    0.586920] pci 0000:00:02.5: PCI bridge to [bus 06]
[    0.586943] pci 0000:00:02.5:   bridge window [io  0xd000-0xdfff]
[    0.587866] pci 0000:00:02.5:   bridge window [mem 0xfde00000-0xfdffffff]
[    0.588629] pci 0000:00:02.5:   bridge window [mem 0xe1600000000-0xe17ffffffff 64bit pref]
[    0.590685] pci 0000:00:02.6: PCI bridge to [bus 07]
[    0.590704] pci 0000:00:02.6:   bridge window [io  0xb000-0xbfff]
[    0.592375] pci 0000:00:02.6:   bridge window [mem 0xfdc00000-0xfddfffff]
[    0.594045] pci 0000:00:02.6:   bridge window [mem 0xe1400000000-0xe15ffffffff 64bit pref]
[    0.596926] pci 0000:00:02.7: PCI bridge to [bus 08]
[    0.596945] pci 0000:00:02.7:   bridge window [io  0xa000-0xafff]
[    0.597737] pci 0000:00:02.7:   bridge window [mem 0xfda00000-0xfdbfffff]
[    0.598315] pci 0000:00:02.7:   bridge window [mem 0xe1200000000-0xe13ffffffff 64bit pref]
[    0.599566] pci 0000:00:03.0: PCI bridge to [bus 09]
[    0.599585] pci 0000:00:03.0:   bridge window [io  0x9000-0x9fff]
[    0.600573] pci 0000:00:03.0:   bridge window [mem 0xfd800000-0xfd9fffff]
[    0.601191] pci 0000:00:03.0:   bridge window [mem 0xe1000000000-0xe11ffffffff 64bit pref]
[    0.603105] pci 0000:00:03.1: PCI bridge to [bus 0a]
[    0.603125] pci 0000:00:03.1:   bridge window [io  0x8000-0x8fff]
[    0.605389] pci 0000:00:03.1:   bridge window [mem 0xfd600000-0xfd7fffff]
[    0.607961] pci 0000:00:03.1:   bridge window [mem 0xe0e00000000-0xe0fffffffff 64bit pref]
[    0.609321] pci 0000:00:03.2: PCI bridge to [bus 0b]
[    0.609344] pci 0000:00:03.2:   bridge window [io  0x7000-0x7fff]
[    0.610077] pci 0000:00:03.2:   bridge window [mem 0xfd400000-0xfd5fffff]
[    0.610633] pci 0000:00:03.2:   bridge window [mem 0xe0c00000000-0xe0dffffffff 64bit pref]
[    0.611855] pci 0000:00:03.3: PCI bridge to [bus 0c]
[    0.611874] pci 0000:00:03.3:   bridge window [io  0x6000-0x6fff]
[    0.612749] pci 0000:00:03.3:   bridge window [mem 0xfd200000-0xfd3fffff]
[    0.613325] pci 0000:00:03.3:   bridge window [mem 0xe0a00000000-0xe0bffffffff 64bit pref]
[    0.614872] pci 0000:00:03.4: PCI bridge to [bus 0d]
[    0.614891] pci 0000:00:03.4:   bridge window [io  0x5000-0x5fff]
[    0.617077] pci 0000:00:03.4:   bridge window [mem 0xfd000000-0xfd1fffff]
[    0.619562] pci 0000:00:03.4:   bridge window [mem 0xe0800000000-0xe09ffffffff 64bit pref]
[    0.620554] pci 0000:00:03.5: PCI bridge to [bus 0e]
[    0.620576] pci 0000:00:03.5:   bridge window [io  0x4000-0x4fff]
[    0.621310] pci 0000:00:03.5:   bridge window [mem 0xfce00000-0xfcffffff]
[    0.621896] pci 0000:00:03.5:   bridge window [mem 0xe0600000000-0xe07ffffffff 64bit pref]
[    0.622942] pci 0000:00:03.6: PCI bridge to [bus 0f]
[    0.622961] pci 0000:00:03.6:   bridge window [io  0x3000-0x3fff]
[    0.623801] pci 0000:00:03.6:   bridge window [mem 0xfcc00000-0xfcdfffff]
[    0.624366] pci 0000:00:03.6:   bridge window [mem 0xe0400000000-0xe05ffffffff 64bit pref]
[    0.625746] pci 0000:00:03.7: PCI bridge to [bus 10]
[    0.625765] pci 0000:00:03.7:   bridge window [io  0x2000-0x2fff]
[    0.626948] pci 0000:00:03.7:   bridge window [mem 0xfca00000-0xfcbfffff]
[    0.628836] pci 0000:00:03.7:   bridge window [mem 0xe0200000000-0xe03ffffffff 64bit pref]
[    0.631826] pci 0000:00:04.0: PCI bridge to [bus 11]
[    0.631851] pci 0000:00:04.0:   bridge window [io  0x1000-0x1fff]
[    0.632556] pci 0000:00:04.0:   bridge window [mem 0xfc800000-0xfc9fffff]
[    0.633059] pci 0000:00:04.0:   bridge window [mem 0xe0000000000-0xe01ffffffff 64bit pref]
[    0.634069] pci_bus 0000:00: Some PCI device resources are unassigned, try booting with pci=realloc
[    0.634078] pci_bus 0000:00: resource 4 [io  0x0000-0x0cf7 window]
[    0.634084] pci_bus 0000:00: resource 5 [io  0x0d00-0xffff window]
[    0.634088] pci_bus 0000:00: resource 6 [mem 0x000a0000-0x000bffff window]
[    0.634093] pci_bus 0000:00: resource 7 [mem 0x80000000-0xafffffff window]
[    0.634097] pci_bus 0000:00: resource 8 [mem 0xc0000000-0xfebfffff window]
[    0.634102] pci_bus 0000:00: resource 9 [mem 0xe0000000000-0xe2200003fff window]
[    0.634107] pci_bus 0000:01: resource 0 [io  size 0x1000]
[    0.634111] pci_bus 0000:01: resource 1 [mem 0xfe800000-0xfe9fffff]
[    0.634115] pci_bus 0000:01: resource 2 [mem 0xe2000000000-0xe21ffffffff 64bit pref]
[    0.634125] pci_bus 0000:02: resource 0 [io  size 0x1000]
[    0.634129] pci_bus 0000:02: resource 1 [mem 0xfe600000-0xfe7fffff]
[    0.634133] pci_bus 0000:02: resource 2 [mem 0xe1e00000000-0xe1fffffffff 64bit pref]
[    0.634138] pci_bus 0000:03: resource 0 [io  size 0x1000]
[    0.634142] pci_bus 0000:03: resource 1 [mem 0xfe400000-0xfe5fffff]
[    0.634147] pci_bus 0000:03: resource 2 [mem 0xe1c00000000-0xe1dffffffff 64bit pref]
[    0.634152] pci_bus 0000:04: resource 0 [io  0xf000-0xffff]
[    0.634156] pci_bus 0000:04: resource 1 [mem 0xfe200000-0xfe3fffff]
[    0.634160] pci_bus 0000:04: resource 2 [mem 0xe1a00000000-0xe1bffffffff 64bit pref]
[    0.634165] pci_bus 0000:05: resource 0 [io  0xe000-0xefff]
[    0.634169] pci_bus 0000:05: resource 1 [mem 0xfe000000-0xfe1fffff]
[    0.634173] pci_bus 0000:05: resource 2 [mem 0xe1800000000-0xe19ffffffff 64bit pref]
[    0.634179] pci_bus 0000:06: resource 0 [io  0xd000-0xdfff]
[    0.634183] pci_bus 0000:06: resource 1 [mem 0xfde00000-0xfdffffff]
[    0.634187] pci_bus 0000:06: resource 2 [mem 0xe1600000000-0xe17ffffffff 64bit pref]
[    0.634192] pci_bus 0000:07: resource 0 [io  0xb000-0xbfff]
[    0.634196] pci_bus 0000:07: resource 1 [mem 0xfdc00000-0xfddfffff]
[    0.634201] pci_bus 0000:07: resource 2 [mem 0xe1400000000-0xe15ffffffff 64bit pref]
[    0.634206] pci_bus 0000:08: resource 0 [io  0xa000-0xafff]
[    0.634210] pci_bus 0000:08: resource 1 [mem 0xfda00000-0xfdbfffff]
[    0.634214] pci_bus 0000:08: resource 2 [mem 0xe1200000000-0xe13ffffffff 64bit pref]
[    0.634219] pci_bus 0000:09: resource 0 [io  0x9000-0x9fff]
[    0.634223] pci_bus 0000:09: resource 1 [mem 0xfd800000-0xfd9fffff]
[    0.634227] pci_bus 0000:09: resource 2 [mem 0xe1000000000-0xe11ffffffff 64bit pref]
[    0.634232] pci_bus 0000:0a: resource 0 [io  0x8000-0x8fff]
[    0.634236] pci_bus 0000:0a: resource 1 [mem 0xfd600000-0xfd7fffff]
[    0.634241] pci_bus 0000:0a: resource 2 [mem 0xe0e00000000-0xe0fffffffff 64bit pref]
[    0.634246] pci_bus 0000:0b: resource 0 [io  0x7000-0x7fff]
[    0.634250] pci_bus 0000:0b: resource 1 [mem 0xfd400000-0xfd5fffff]
[    0.634254] pci_bus 0000:0b: resource 2 [mem 0xe0c00000000-0xe0dffffffff 64bit pref]
[    0.634259] pci_bus 0000:0c: resource 0 [io  0x6000-0x6fff]
[    0.634263] pci_bus 0000:0c: resource 1 [mem 0xfd200000-0xfd3fffff]
[    0.634267] pci_bus 0000:0c: resource 2 [mem 0xe0a00000000-0xe0bffffffff 64bit pref]
[    0.634272] pci_bus 0000:0d: resource 0 [io  0x5000-0x5fff]
[    0.634276] pci_bus 0000:0d: resource 1 [mem 0xfd000000-0xfd1fffff]
[    0.634281] pci_bus 0000:0d: resource 2 [mem 0xe0800000000-0xe09ffffffff 64bit pref]
[    0.634286] pci_bus 0000:0e: resource 0 [io  0x4000-0x4fff]
[    0.634292] pci_bus 0000:0e: resource 1 [mem 0xfce00000-0xfcffffff]
[    0.634296] pci_bus 0000:0e: resource 2 [mem 0xe0600000000-0xe07ffffffff 64bit pref]
[    0.634301] pci_bus 0000:0f: resource 0 [io  0x3000-0x3fff]
[    0.634305] pci_bus 0000:0f: resource 1 [mem 0xfcc00000-0xfcdfffff]
[    0.634309] pci_bus 0000:0f: resource 2 [mem 0xe0400000000-0xe05ffffffff 64bit pref]
[    0.634314] pci_bus 0000:10: resource 0 [io  0x2000-0x2fff]
[    0.634318] pci_bus 0000:10: resource 1 [mem 0xfca00000-0xfcbfffff]
[    0.634323] pci_bus 0000:10: resource 2 [mem 0xe0200000000-0xe03ffffffff 64bit pref]
[    0.634328] pci_bus 0000:11: resource 0 [io  0x1000-0x1fff]
[    0.634332] pci_bus 0000:11: resource 1 [mem 0xfc800000-0xfc9fffff]
[    0.634336] pci_bus 0000:11: resource 2 [mem 0xe0000000000-0xe01ffffffff 64bit pref]
[    0.635127] ACPI: \_SB_.GSIG: Enabled at IRQ 22
[    0.636797] PCI: CLS 0 bytes, default 64
[    0.636910] PCI-DMA: Using software bounce buffering for IO (SWIOTLB)
[    0.636916] software IO TLB: mapped [mem 0x0000000056600000-0x000000005a600000] (64MB)
[    0.637749] Trying to unpack rootfs image as initramfs...
[    0.640796] Initialise system trusted keyrings
[    0.640842] Key type blacklist registered
[    0.641712] workingset: timestamp_bits=36 (anon: 31) max_order=20 bucket_order=0 (anon: 0)
[    0.643279] squashfs: version 4.0 (2009/01/31) Phillip Lougher
[    0.645751] fuse: init (API version 7.46)
[    0.646744] integrity: Platform Keyring initialized
[    0.646771] integrity: Machine keyring initialized
[    0.654840] Key type asymmetric registered
[    0.654852] Asymmetric key parser 'x509' registered
[    0.654932] Block layer SCSI generic (bsg) driver version 0.4 loaded (major 242)
[    0.655560] io scheduler mq-deadline registered
[    0.657703] ledtrig-cpu: registered to indicate activity on CPUs
[    0.665302] pcieport 0000:00:02.0: PME: Signaling with IRQ 24
[    0.666955] pcieport 0000:00:02.0: AER: enabled with IRQ 24
[    0.672567] pcieport 0000:00:02.1: PME: Signaling with IRQ 25
[    0.672874] pcieport 0000:00:02.1: AER: enabled with IRQ 25
[    0.674388] pcieport 0000:00:02.2: PME: Signaling with IRQ 26
[    0.674610] pcieport 0000:00:02.2: AER: enabled with IRQ 26
[    0.677625] pcieport 0000:00:02.3: PME: Signaling with IRQ 27
[    0.678796] pcieport 0000:00:02.3: AER: enabled with IRQ 27
[    0.685493] pcieport 0000:00:02.4: PME: Signaling with IRQ 28
[    0.688355] pcieport 0000:00:02.4: AER: enabled with IRQ 28
[    0.690946] pcieport 0000:00:02.5: PME: Signaling with IRQ 29
[    0.691189] pcieport 0000:00:02.5: AER: enabled with IRQ 29
[    0.694545] pcieport 0000:00:02.6: PME: Signaling with IRQ 30
[    0.700189] pcieport 0000:00:02.6: AER: enabled with IRQ 30
[    0.703543] pcieport 0000:00:02.7: PME: Signaling with IRQ 31
[    0.705754] pcieport 0000:00:02.7: AER: enabled with IRQ 31
[    0.706954] ACPI: \_SB_.GSIH: Enabled at IRQ 23
[    0.709443] pcieport 0000:00:03.0: PME: Signaling with IRQ 32
[    0.709692] pcieport 0000:00:03.0: AER: enabled with IRQ 32
[    0.713058] pcieport 0000:00:03.1: PME: Signaling with IRQ 33
[    0.714776] pcieport 0000:00:03.1: AER: enabled with IRQ 33
[    0.717323] pcieport 0000:00:03.2: PME: Signaling with IRQ 34
[    0.717544] pcieport 0000:00:03.2: AER: enabled with IRQ 34
[    0.720698] pcieport 0000:00:03.3: PME: Signaling with IRQ 35
[    0.721792] pcieport 0000:00:03.3: AER: enabled with IRQ 35
[    0.724192] pcieport 0000:00:03.4: PME: Signaling with IRQ 36
[    0.724439] pcieport 0000:00:03.4: AER: enabled with IRQ 36
[    0.726804] pcieport 0000:00:03.5: PME: Signaling with IRQ 37
[    0.727238] pcieport 0000:00:03.5: AER: enabled with IRQ 37
[    0.731817] pcieport 0000:00:03.6: PME: Signaling with IRQ 38
[    0.732046] pcieport 0000:00:03.6: AER: enabled with IRQ 38
[    0.735410] pcieport 0000:00:03.7: PME: Signaling with IRQ 39
[    0.735666] pcieport 0000:00:03.7: AER: enabled with IRQ 39
[    0.736551] ACPI: \_SB_.GSIE: Enabled at IRQ 20
[    0.737891] pcieport 0000:00:04.0: PME: Signaling with IRQ 40
[    0.738789] pcieport 0000:00:04.0: AER: enabled with IRQ 40
[    0.739699] input: Power Button as /devices/platform/LNXPWRBN:00/input/input0
[    0.739804] ACPI: button: Power Button [PWRF]
[    0.741369] ACPI: \_SB_.GSIF: Enabled at IRQ 21
[    0.755844] Serial: 8250/16550 driver, 32 ports, IRQ sharing enabled
[    0.781022] 00:00: ttyS0 I/O:0x3f8 (irq = 4, base_baud = 115200) is a 16550A
[    0.814343] ACPI: bus type drm_connector registered
[    0.818989] loop: module loaded
[    0.819189] virtio_blk virtio2: 2/0/0 default/read/poll queues
[    0.820463] virtio_blk virtio2: [vda] 104857600 512-byte logical blocks (53.7 GB/50.0 GiB)
[    0.827771]  vda: vda1 vda2 vda3
[    0.828625] tun: Universal TUN/TAP device driver, 1.6
[    0.832984] PPP generic driver version 2.4.2
[    0.834604] xhci_hcd 0000:03:00.0: xHCI Host Controller
[    0.834618] xhci_hcd 0000:03:00.0: new USB bus registered, assigned bus number 1
[    0.835075] xhci_hcd 0000:03:00.0: hcc params 0x00087001 hci version 0x100 quirks 0x0000000000000010
[    0.836040] xhci_hcd 0000:03:00.0: xHCI Host Controller
[    0.836048] xhci_hcd 0000:03:00.0: new USB bus registered, assigned bus number 2
[    0.836058] xhci_hcd 0000:03:00.0: Host supports USB 3.0 SuperSpeed
[    0.836205] usb usb1: New USB device found, idVendor=1d6b, idProduct=0002, bcdDevice= 7.03
[    0.836279] usb usb1: New USB device strings: Mfr=3, Product=2, SerialNumber=1
[    0.836285] usb usb1: Product: xHCI Host Controller
[    0.836288] usb usb1: Manufacturer: Linux 7.3.0-rc1-cifs xhci-hcd
[    0.836293] usb usb1: SerialNumber: 0000:03:00.0
[    0.836426] hub 1-0:1.0: USB hub found
[    0.836541] hub 1-0:1.0: 15 ports detected
[    0.837532] usb usb2: We don't know the algorithms for LPM for this host, disabling LPM.
[    0.837539] usb usb2: New USB device found, idVendor=1d6b, idProduct=0003, bcdDevice= 7.03
[    0.837576] usb usb2: New USB device strings: Mfr=3, Product=2, SerialNumber=1
[    0.837581] usb usb2: Product: xHCI Host Controller
[    0.837585] usb usb2: Manufacturer: Linux 7.3.0-rc1-cifs xhci-hcd
[    0.837589] usb usb2: SerialNumber: 0000:03:00.0
[    0.837700] hub 2-0:1.0: USB hub found
[    0.837813] hub 2-0:1.0: 15 ports detected
[    0.838910] i8042: PNP: PS/2 Controller [PNP0303:KBD,PNP0f13:MOU] at 0x60,0x64 irq 1,12
[    0.839803] serio: i8042 KBD port at 0x60,0x64 irq 1
[    0.839822] serio: i8042 AUX port at 0x60,0x64 irq 12
[    0.839992] mousedev: PS/2 mouse device common for all mice
[    0.840413] input: AT Translated Set 2 keyboard as /devices/platform/i8042/serio0/input/input1
[    0.840497] rtc_cmos PNP0B00:00: RTC can wake from S4
[    0.841331] rtc_cmos PNP0B00:00: registered as rtc0
[    0.841434] rtc_cmos PNP0B00:00: setting system clock to 2026-09-06T23:25:41 UTC (1788737141)
[    0.841522] rtc_cmos PNP0B00:00: alarms up to one day, y3k, 242 bytes nvram
[    0.841544] i2c_dev: i2c /dev entries driver
[    0.841600] device-mapper: core: CONFIG_IMA_DISABLE_HTABLE is disabled. Duplicate IMA measurements will not be recorded in the IMA log.
[    0.841622] device-mapper: uevent: version 1.0.3
[    0.841952] device-mapper: ioctl: 4.50.0-ioctl (2025-04-28) initialised: dm-devel@lists.linux.dev
[    0.842330] simple-framebuffer simple-framebuffer.0: [drm] Registered 1 planes with drm panic
[    0.842508] [drm] Initialized simpledrm 1.0.0 for simple-framebuffer.0 on minor 0
[    0.847313] Console: switching to colour frame buffer device 80x30
[    0.847536] simple-framebuffer simple-framebuffer.0: [drm] fb0: simpledrmdrmfb frame buffer device
[    0.847641] drop_monitor: Initializing network drop monitor service
[    0.847985] NET: Registered PF_INET6 protocol family
[    0.850130] Segment Routing with IPv6
[    0.850246] In-situ OAM (IOAM) with IPv6
[    0.850409] NET: Registered PF_PACKET protocol family
[    0.850898] Key type dns_resolver registered
[    0.851963] IPI shorthand broadcast: enabled
[    0.855285] sched_clock: Marking stable (853002499, 1656241)->(917759100, -63100360)
[    0.855927] registered taskstats version 1
[    0.858254] Loading compiled-in X.509 certificates
[    0.860049] Loaded X.509 cert 'Build time autogenerated kernel key: 9ed2fbfbd0fc622602919d4daae9cf9206445df2'
[    0.871135] Demotion targets for Node 0: null
[    0.871317] Key type .fscrypt registered
[    0.871412] Key type fscrypt-provisioning registered
[    0.871592] Key type big_key registered
[    0.872213] Key type encrypted registered
[    0.872305] AppArmor: AppArmor sha256 policy hashing enabled
[    0.872403] ima: No TPM chip found, activating TPM-bypass!
[    0.872493] Loading compiled-in module X.509 certificates
[    0.873038] Loaded X.509 cert 'Build time autogenerated kernel key: 9ed2fbfbd0fc622602919d4daae9cf9206445df2'
[    0.873213] ima: Allocated hash algorithm: sha256
[    0.873494] ima: No architecture policies found
[    0.873608] evm: Initialising EVM extended attributes:
[    0.873818] evm: security.selinux
[    0.873908] evm: security.SMACK64
[    0.873987] evm: security.SMACK64EXEC
[    0.874060] evm: security.SMACK64TRANSMUTE
[    0.874131] evm: security.SMACK64MMAP
[    0.874199] evm: security.apparmor
[    0.874266] evm: security.ima
[    0.874333] evm: security.capability
[    0.874398] evm: HMAC attrs: 0x1
[    0.874943] PM:   Magic number: 10:285:453
[    0.875485] RAS: Correctable Errors collector initialized.
[    0.882390] clk: Disabling unused clocks
[    0.882491] PM: genpd: Disabling unused power domains
[    1.119900] Freeing initrd memory: 59744K
[    1.121643] Freeing unused decrypted memory: 2028K
[    1.124290] Freeing unused kernel image (initmem) memory: 5352K
[    1.124451] Write protecting the kernel read-only data: 43008k
[    1.125272] Freeing unused kernel image (text/rodata gap) memory: 704K
[    1.126425] Freeing unused kernel image (rodata/data gap) memory: 1652K
[    1.173864] x86/mm: Checked W+X mappings: passed, no W+X pages found.
[    1.173971] Run /init as init process
[    1.174041]   with arguments:
[    1.174043]     /init
[    1.174045]   with environment:
[    1.174046]     HOME=/
[    1.174048]     TERM=linux
[    1.189469] systemd[1]: Inserted module 'autofs4'
[    1.210744] systemd[1]: Successfully made /usr/ read-only.
[    1.211681] systemd[1]: systemd 259.5-0ubuntu3.4 running in system mode (+PAM +AUDIT +SELINUX +APPARMOR +IMA +IPE +SMACK +SECCOMP +GCRYPT -GNUTLS +OPENSSL +ACL +BLKID +CURL +ELFUTILS +FIDO2 +IDN2 -IDN +KMOD +LIBCRYPTSETUP +LIBCRYPTSETUP_PLUGINS +LIBFDISK +PCRE2 +PWQUALITY +P11KIT +QRENCODE +TPM2 +BZIP2 +LZ4 +XZ +ZLIB +ZSTD +BPF_FRAMEWORK +BTF -XKBCOMMON -UTMP +SYSVINIT +LIBARCHIVE)
[    1.212126] systemd[1]: Detected virtualization kvm.
[    1.212317] systemd[1]: Detected architecture x86-64.
[    1.212499] systemd[1]: Running in initrd.
[    1.213124] systemd[1]: Hostname set to <linux-cifs-client>.
[    1.294792] systemd[1]: bpf-restrict-fs: BPF LSM hook not enabled in the kernel, BPF LSM not supported.
[    1.352172] systemd[1]: Queued start job for default target initrd.target.
[    1.361355] systemd[1]: Started systemd-ask-password-console.path - Dispatch Password Requests to Console Directory Watch.
[    1.361807] systemd[1]: Expecting device dev-disk-by\x2duuid-e08d0e71\x2d0692\x2d4f71\x2d80ea\x2d3a6a1b0c41ab.device - /dev/disk/by-uuid/e08d0e71-0692-4f71-80ea-3a6a1b0c41ab...
[    1.362227] systemd[1]: Expecting device dev-mapper-ubuntu\x2d\x2dvg\x2dubuntu\x2d\x2dlv.device - /dev/mapper/ubuntu--vg-ubuntu--lv...
[    1.362544] systemd[1]: Reached target initrd-usr-fs.target - Initrd /usr File System.
[    1.363139] systemd[1]: Reached target paths.target - Path Units.
[    1.363611] systemd[1]: Reached target slices.target - Slice Units.
[    1.364117] systemd[1]: Reached target swap.target - Swaps.
[    1.364628] systemd[1]: Reached target timers.target - Timer Units.
[    1.365207] systemd[1]: Listening on systemd-journald-dev-log.socket - Journal Socket (/dev/log).
[    1.365903] systemd[1]: Listening on systemd-journald.socket - Journal Sockets.
[    1.366602] systemd[1]: Listening on systemd-networkd.socket - Network Management Netlink Socket.
[    1.367313] systemd[1]: Listening on systemd-udevd-control.socket - udev Control Socket.
[    1.367970] systemd[1]: Listening on systemd-udevd-kernel.socket - udev Kernel Socket.
[    1.368567] systemd[1]: Reached target sockets.target - Socket Units.
[    1.370318] systemd[1]: Starting dracut-cmdline-ask.service - dracut ask for additional cmdline parameters...
[    1.372431] systemd[1]: Starting kmod-static-nodes.service - Create List of Static Device Nodes...
[    1.373012] systemd[1]: systemd-battery-check.service - Early Battery Level Check skipped, unmet condition check ConditionDirectoryNotEmpty=/sys/class/power_supply
[    1.384737] systemd[1]: Starting systemd-journald.service - Journal Service...
[    1.386312] systemd[1]: Starting systemd-modules-load.service - Load Kernel Modules...
[    1.389714] systemd[1]: Starting systemd-network-generator.service - Generate Network Units from Kernel Command Line...
[    1.391964] systemd[1]: systemd-pcrphase-initrd.service - TPM PCR Barrier (initrd) skipped, unmet condition check ConditionSecurity=measured-uki
[    1.395313] systemd[1]: Finished dracut-cmdline-ask.service - dracut ask for additional cmdline parameters.
[    1.399369] systemd[1]: Finished kmod-static-nodes.service - Create List of Static Device Nodes.
[    1.401883] systemd[1]: Starting dracut-cmdline.service - dracut cmdline hook...
[    1.405217] systemd[1]: Starting systemd-tmpfiles-setup-dev-early.service - Create Static Device Nodes in /dev gracefully...
[    1.407804] systemd[1]: Finished systemd-modules-load.service - Load Kernel Modules.
[    1.411184] systemd-journald[130]: Collecting audit messages is disabled.
[    1.412552] systemd[1]: Finished systemd-network-generator.service - Generate Network Units from Kernel Command Line.
[    1.413118] systemd[1]: Reached target network-pre.target - Preparation for Network.
[    1.413604] systemd[1]: Listening on systemd-networkd-resolve-hook.socket - Network Management Resolve Hook Socket.
[    1.421415] systemd[1]: Starting systemd-sysctl.service - Apply Kernel Variables...
[    1.438241] systemd[1]: Finished systemd-sysctl.service - Apply Kernel Variables.
[    1.440324] systemd[1]: Finished systemd-tmpfiles-setup-dev-early.service - Create Static Device Nodes in /dev gracefully.
[    1.441875] systemd[1]: Starting systemd-tmpfiles-setup-dev.service - Create Static Device Nodes in /dev...
[    1.452639] systemd[1]: Finished systemd-tmpfiles-setup-dev.service - Create Static Device Nodes in /dev.
[    1.453031] systemd[1]: Reached target local-fs-pre.target - Preparation for Local File Systems.
[    1.453310] systemd[1]: Reached target local-fs.target - Local File Systems.
[    1.521484] systemd[1]: Started systemd-journald.service - Journal Service.
[    1.928284] virtio_net virtio5 enp16s0: renamed from eth0
[    1.939497] virtio_net virtio6 enp17s0: renamed from eth1
[    2.086114] ACPI: \_SB_.GSIA: Enabled at IRQ 16
[    2.088708] ahci 0000:00:1f.2: AHCI vers 0001.0000, 32 command slots, 1.5 Gbps, SATA mode
[    2.088712] ahci 0000:00:1f.2: 6/6 ports implemented (port mask 0x3f)
[    2.088714] ahci 0000:00:1f.2: flags: 64bit ncq only 
[    2.094389] scsi host0: ahci
[    2.097780] scsi host1: ahci
[    2.097918] scsi host2: ahci
[    2.098058] scsi host3: ahci
[    2.098296] scsi host4: ahci
[    2.098472] scsi host5: ahci
[    2.098546] ata1: SATA max UDMA/133 abar m4096@0xfea22000 port 0xfea22100 irq 59 lpm-pol 1
[    2.098557] ata2: SATA max UDMA/133 abar m4096@0xfea22000 port 0xfea22180 irq 59 lpm-pol 1
[    2.098567] ata3: SATA max UDMA/133 abar m4096@0xfea22000 port 0xfea22200 irq 59 lpm-pol 1
[    2.098576] ata4: SATA max UDMA/133 abar m4096@0xfea22000 port 0xfea22280 irq 59 lpm-pol 1
[    2.098586] ata5: SATA max UDMA/133 abar m4096@0xfea22000 port 0xfea22300 irq 59 lpm-pol 1
[    2.098596] ata6: SATA max UDMA/133 abar m4096@0xfea22000 port 0xfea22380 irq 59 lpm-pol 1
[    2.413689] ata6: SATA link down (SStatus 0 SControl 300)
[    2.414068] ata5: SATA link down (SStatus 0 SControl 300)
[    2.414294] ata1: SATA link down (SStatus 0 SControl 300)
[    2.414514] ata4: SATA link down (SStatus 0 SControl 300)
[    2.414860] ata2: SATA link down (SStatus 0 SControl 300)
[    2.415128] ata3: SATA link down (SStatus 0 SControl 300)
[    2.953437] input: ImExPS/2 Generic Explorer Mouse as /devices/platform/i8042/serio1/input/input3
[    3.159946] EXT4-fs (dm-0): mounted filesystem d33c4772-fc19-4489-b2b9-16fcd87ea000 ro with ordered data mode. Quota mode: none.
[    3.329928] systemd-journald[130]: Received SIGTERM from PID 1 (systemd).
[    3.438019] NET: Registered PF_VSOCK protocol family
[    3.443208] systemd[1]: systemd 259.5-0ubuntu3.4 running in system mode (+PAM +AUDIT +SELINUX +APPARMOR +IMA +IPE +SMACK +SECCOMP +GCRYPT -GNUTLS +OPENSSL +ACL +BLKID +CURL +ELFUTILS +FIDO2 +IDN2 -IDN +KMOD +LIBCRYPTSETUP +LIBCRYPTSETUP_PLUGINS +LIBFDISK +PCRE2 +PWQUALITY +P11KIT +QRENCODE +TPM2 +BZIP2 +LZ4 +XZ +ZLIB +ZSTD +BPF_FRAMEWORK +BTF -XKBCOMMON -UTMP +SYSVINIT +LIBARCHIVE)
[    3.443212] systemd[1]: Detected virtualization kvm.
[    3.443222] systemd[1]: Detected architecture x86-64.
[    3.537140] systemd[1]: bpf-restrict-fs: BPF LSM hook not enabled in the kernel, BPF LSM not supported.
[    3.662289] systemd[1]: /usr/lib/systemd/system/xfs_scrub_all.service:26: Support for option CPUAccounting= has been removed and it is ignored
[    3.662692] systemd[1]: /usr/lib/systemd/system/system-xfs_scrub.slice:15: Support for option CPUAccounting= has been removed and it is ignored
[    3.735892] systemd[1]: initrd-switch-root.service: Deactivated successfully.
[    3.736092] systemd[1]: Stopped initrd-switch-root.service - Switch Root.
[    3.737846] systemd[1]: systemd-journald.service: Scheduled restart job, restart counter is at 1.
[    3.738372] systemd[1]: Created slice system-systemd\x2dfsck.slice - Slice /system/systemd-fsck.
[    3.739385] systemd[1]: Created slice system-xfs_scrub.slice - xfs_scrub background service slice.
[    3.739987] systemd[1]: Created slice user.slice - User and Session Slice.
[    3.740300] systemd[1]: Started systemd-ask-password-wall.path - Forward Password Requests to Wall Directory Watch.
[    3.740766] systemd[1]: Set up automount proc-sys-fs-binfmt_misc.automount - Arbitrary Executable File Formats File System Automount Point.
[    3.741069] systemd[1]: Expecting device dev-disk-by\x2duuid-e08d0e71\x2d0692\x2d4f71\x2d80ea\x2d3a6a1b0c41ab.device - /dev/disk/by-uuid/e08d0e71-0692-4f71-80ea-3a6a1b0c41ab...
[    3.741344] systemd[1]: Reached target imports.target - Image Downloads.
[    3.741603] systemd[1]: Stopped target initrd-switch-root.target - Switch Root.
[    3.741987] systemd[1]: Stopped target initrd-fs.target - Initrd File Systems.
[    3.742245] systemd[1]: Stopped target initrd-root-fs.target - Initrd Root File System.
[    3.742498] systemd[1]: Reached target integritysetup.target - Local Integrity Protected Volumes.
[    3.742821] systemd[1]: Reached target slices.target - Slice Units.
[    3.743093] systemd[1]: Reached target snapd.mounts-pre.target - Mounting snaps.
[    3.743357] systemd[1]: Reached target time-set.target - System Time Set.
[    3.743628] systemd[1]: Reached target veritysetup.target - Local Verity Protected Volumes.
[    3.744000] systemd[1]: Listening on dm-event.socket - Device-mapper event daemon FIFOs.
[    3.744302] systemd[1]: Listening on lvm2-lvmpolld.socket - LVM2 poll daemon socket.
[    3.744617] systemd[1]: Listening on syslog.socket - Syslog Socket.
[    3.745468] systemd[1]: Listening on systemd-ask-password.socket - Query the User Interactively for a Password.
[    3.746393] systemd[1]: Listening on systemd-creds.socket - Credential Encryption/Decryption.
[    3.747373] systemd[1]: Listening on systemd-factory-reset.socket - Factory Reset Management.
[    3.748323] systemd[1]: Listening on systemd-mute-console.socket - Console Output Muting Service Socket.
[    3.748716] systemd[1]: Listening on systemd-networkd-varlink.socket - Network Management Varlink Socket.
[    3.749075] systemd[1]: Listening on systemd-networkd.socket - Network Management Netlink Socket.
[    3.749328] systemd[1]: systemd-pcrextend.socket - TPM PCR Measurements skipped, unmet condition check ConditionSecurity=measured-uki
[    3.749343] systemd[1]: systemd-pcrlock.socket - Make TPM PCR Policy skipped, unmet condition check ConditionSecurity=measured-uki
[    3.749412] systemd[1]: Listening on systemd-resolved-monitor.socket - Resolve Monitor Varlink Socket.
[    3.749584] systemd[1]: Listening on systemd-resolved-varlink.socket - Resolve Service Varlink Socket.
[    3.749783] systemd[1]: Listening on systemd-udevd-control.socket - udev Control Socket.
[    3.750105] systemd[1]: Listening on systemd-udevd-varlink.socket - udev Varlink Socket.
[    3.751535] systemd[1]: Mounting dev-hugepages.mount - Huge Pages File System...
[    3.753495] systemd[1]: Mounting dev-mqueue.mount - POSIX Message Queue File System...
[    3.759169] systemd[1]: Mounting sys-kernel-debug.mount - Kernel Debug File System...
[    3.761994] systemd[1]: Mounting sys-kernel-tracing.mount - Kernel Trace File System...
[    3.769220] systemd[1]: Starting systemd-journald.service - Journal Service...
[    3.774605] systemd[1]: Starting keyboard-setup.service - Set the console keyboard layout...
[    3.776850] systemd[1]: Starting kmod-static-nodes.service - Create List of Static Device Nodes...
[    3.778908] systemd[1]: Starting lvm2-monitor.service - Monitoring of LVM2 mirrors, snapshots etc. using dmeventd or progress polling...
[    3.781552] systemd[1]: modprobe@configfs.service - Load Kernel Module configfs skipped, unmet condition check ConditionKernelModuleLoaded=!configfs
[    3.782631] systemd[1]: Starting modprobe@dm_multipath.service - Load Kernel Module dm_multipath...
[    3.785495] systemd[1]: modprobe@drm.service - Load Kernel Module drm skipped, unmet condition check ConditionKernelModuleLoaded=!drm
[    3.787176] systemd[1]: Starting modprobe@efi_pstore.service - Load Kernel Module efi_pstore...
[    3.787316] systemd[1]: modprobe@fuse.service - Load Kernel Module fuse skipped, unmet condition check ConditionKernelModuleLoaded=!fuse
[    3.789496] systemd[1]: Mounting sys-fs-fuse-connections.mount - FUSE Control File System...
[    3.793446] systemd[1]: Starting modprobe@ksmbd.service - Load Kernel Module ksmbd...
[    3.794990] systemd[1]: netplan-ovs-cleanup.service - OpenVSwitch configuration for cleanup skipped, unmet condition check ConditionFileIsExecutable=/usr/bin/ovs-vsctl
[    3.795095] systemd[1]: systemd-hibernate-clear.service - Clear Stale Hibernate Storage Info skipped, unmet condition check ConditionPathExists=/sys/firmware/efi/efivars/HibernateLocation-8cf2644b-4b0b-428f-9387-6d876050dc67
[    3.796907] systemd[1]: Starting systemd-modules-load.service - Load Kernel Modules...
[    3.797174] systemd[1]: systemd-pcrmachine.service - TPM PCR Machine ID Measurement skipped, unmet condition check ConditionSecurity=measured-uki
[    3.797197] systemd[1]: systemd-pcrproduct.service - TPM NvPCR Product ID Measurement skipped, unmet condition check ConditionSecurity=measured-uki
[    3.801684] systemd[1]: Starting systemd-remount-fs.service - Remount Root and Kernel File Systems...
[    3.801860] systemd[1]: systemd-tpm2-setup-early.service - Early TPM SRK Setup skipped, unmet condition check ConditionSecurity=measured-uki
[    3.804715] systemd[1]: Starting systemd-udev-load-credentials.service - Load udev Rules from Credentials...
[    3.811628] systemd[1]: Starting systemd-udev-trigger.service - Coldplug All udev Devices...
[    3.815504] systemd[1]: Mounted dev-hugepages.mount - Huge Pages File System.
[    3.815883] systemd[1]: Mounted dev-mqueue.mount - POSIX Message Queue File System.
[    3.817668] systemd[1]: Mounted sys-kernel-debug.mount - Kernel Debug File System.
[    3.817974] systemd[1]: Mounted sys-kernel-tracing.mount - Kernel Trace File System.
[    3.818508] systemd[1]: Finished keyboard-setup.service - Set the console keyboard layout.
[    3.819088] systemd[1]: Finished kmod-static-nodes.service - Create List of Static Device Nodes.
[    3.820295] systemd[1]: modprobe@dm_multipath.service: Deactivated successfully.
[    3.821368] systemd-journald[551]: Collecting audit messages is disabled.
[    3.822801] systemd[1]: Finished modprobe@dm_multipath.service - Load Kernel Module dm_multipath.
[    3.823357] systemd[1]: modprobe@efi_pstore.service: Deactivated successfully.
[    3.823540] systemd[1]: Finished modprobe@efi_pstore.service - Load Kernel Module efi_pstore.
[    3.824867] systemd[1]: Mounted sys-fs-fuse-connections.mount - FUSE Control File System.
[    3.826991] systemd[1]: Starting systemd-tmpfiles-setup-dev-early.service - Create Static Device Nodes in /dev gracefully...
[    3.832454] systemd[1]: Started systemd-journald.service - Journal Service.
[    3.846712] EXT4-fs (dm-0): re-mounted d33c4772-fc19-4489-b2b9-16fcd87ea000 r/w.
[    3.890576] smbdirect: subsystem loading...
[    3.890998] smbdirect: subsystem loaded
[    3.897724] Adding 4003836k swap on /swap.img.  Priority:-1 extents:3 across:4405244k 
[    3.903274] systemd-journald[551]: Received client request to flush runtime journal.
[    4.640695] [drm] pci: virtio-vga detected at 0000:00:01.0
[    4.668581] Console: switching to colour dummy device 80x25
[    4.681626] virtio-pci 0000:00:01.0: vgaarb: deactivate vga console
[    4.689205] [drm] features: -virgl +edid -resource_blob -host_visible
[    4.689208] [drm] features: -context_init -blob_alignment
[    4.711704] [drm] number of scanouts: 1
[    4.711714] [drm] number of cap sets: 0
[    4.719504] virtio-pci 0000:00:01.0: [drm] [PLANE:36:plane-1] pixel format with alpha exposed but blend mode not setup. Please fix.
[    4.723846] virtio-pci 0000:00:01.0: [drm] Registered 1 planes with drm panic
[    4.730316] [drm] Initialized virtio_gpu 0.1.0 for 0000:00:01.0 on minor 1
[    4.791804] fbcon: virtio_gpudrmfb (fb0) is primary device
[    4.795129] EXT4-fs (vda2): mounted filesystem e08d0e71-0692-4f71-80ea-3a6a1b0c41ab r/w with ordered data mode. Quota mode: none.
[    4.795710] loop0: detected capacity change from 0 to 102608
[    4.795855] loop1: detected capacity change from 0 to 136816
[    4.804137] loop2: detected capacity change from 0 to 3088
[    4.811749] Console: switching to colour frame buffer device 160x50
[    4.835127] virtio-pci 0000:00:01.0: [drm] fb0: virtio_gpudrmfb frame buffer device
[    4.835912] lpc_ich 0000:00:1f.0: I/O space for GPIO uninitialized
[    4.943685] i801_smbus 0000:00:1f.3: SMBus using PCI interrupt
[    4.945306] i2c i2c-0: Memory type 0x07 not supported yet, not instantiating SPD
[    5.030722] audit: type=1400 audit(1788737145.688:2): apparmor="STATUS" operation="profile_load" profile="unconfined" name="1password" pid=757 comm="apparmor_parser"
[    5.031566] audit: type=1400 audit(1788737145.689:3): apparmor="STATUS" operation="profile_load" profile="unconfined" name="Discord" pid=759 comm="apparmor_parser"
[    5.037125] audit: type=1400 audit(1788737145.695:4): apparmor="STATUS" operation="profile_load" profile="unconfined" name="QtWebEngineProcess" pid=772 comm="apparmor_parser"
[    5.037718] audit: type=1400 audit(1788737145.696:5): apparmor="STATUS" operation="profile_load" profile="unconfined" name=4D6F6E676F444220436F6D70617373 pid=771 comm="apparmor_parser"
[    5.116039] audit: type=1400 audit(1788737145.774:6): apparmor="STATUS" operation="profile_load" profile="unconfined" name="alsamixer" pid=776 comm="apparmor_parser"
[    5.176017] audit: type=1400 audit(1788737145.833:7): apparmor="STATUS" operation="profile_load" profile="unconfined" name="babeld" pid=798 comm="apparmor_parser"
[    5.180159] audit: type=1400 audit(1788737145.837:8): apparmor="STATUS" operation="profile_load" profile="unconfined" name="balena-etcher" pid=805 comm="apparmor_parser"
[    5.246665] audit: type=1400 audit(1788737145.904:9): apparmor="STATUS" operation="profile_load" profile="unconfined" name="bfdd" pid=808 comm="apparmor_parser"
[    5.297288] audit: type=1400 audit(1788737145.955:10): apparmor="STATUS" operation="profile_load" profile="unconfined" name="Xorg" pid=775 comm="apparmor_parser"
[    5.297412] audit: type=1400 audit(1788737145.955:11): apparmor="STATUS" operation="profile_load" profile="unconfined" name="Xorg_wrap" pid=775 comm="apparmor_parser"
[    5.312554] audit: type=1400 audit(1788737145.970:12): apparmor="STATUS" operation="profile_load" profile="unconfined" name="brave" pid=836 comm="apparmor_parser"
[    5.321311] audit: type=1400 audit(1788737145.979:13): apparmor="STATUS" operation="profile_load" profile="unconfined" name="buildah" pid=838 comm="apparmor_parser"
[    5.335489] audit: type=1400 audit(1788737145.993:14): apparmor="STATUS" operation="profile_load" profile="unconfined" name="bgpd" pid=824 comm="apparmor_parser"
[    5.343714] audit: type=1400 audit(1788737146.002:15): apparmor="STATUS" operation="profile_load" profile="unconfined" name="cam" pid=845 comm="apparmor_parser"
[    5.344084] cfg80211: Loading compiled-in X.509 certificates for regulatory database
[    5.344260] Loaded X.509 cert 'sforshee: 00b28ddf47aef9cea7'
[    5.344362] Loaded X.509 cert 'wens: 61c038651aabdcf94bd0ac7ff06c7248db18c600'
[    5.351640] audit: type=1400 audit(1788737146.009:16): apparmor="STATUS" operation="profile_load" profile="unconfined" name="ch-checkns" pid=848 comm="apparmor_parser"
[    5.353667] audit: type=1400 audit(1788737146.011:17): apparmor="STATUS" operation="profile_load" profile="unconfined" name="bwrap" pid=841 comm="apparmor_parser"
[    5.353670] audit: type=1400 audit(1788737146.011:18): apparmor="STATUS" operation="profile_load" profile="unconfined" name="unpriv_bwrap" pid=841 comm="apparmor_parser"
[    5.359359] kvm_amd: TSC scaling supported
[    5.359363] kvm_amd: Nested Virtualization enabled
[    5.359366] kvm_amd: Nested Paging enabled
[    5.359370] kvm_amd: LBR virtualization supported
[    5.359372] kvm_amd: Virtual VMLOAD VMSAVE supported
[    5.359376] kvm_amd: Virtual GIF supported
[    7.233406] NET: Registered PF_QIPCRTR protocol family
[    7.325403] loop3: detected capacity change from 0 to 8
[   12.123889] rdma_rxe: loaded
[   12.137352] infiniband rxe0: set active
[   12.137355] infiniband rxe0: added enp17s0
[   12.139629] smbdirect: ib_dev[rxe0]: added: IB_CA max_fast_reg_page_list_len=512 device_cap_flags=0x1c001223c76 kernel_cap_flags=0x14 page_size_cap=0xfffff000
[   12.139634] smbdirect: ib_dev[rxe0]: num_ports=1 max_qp_rd_atom=128 max_qp_init_rd_atom=128 max_sgl_rd=0 max_sge_rd=32 max_cqe=32767 max_qp_wr=1048576 max_send_sge=32 max_recv_sge=32
[   12.139638] smbdirect: ib_dev[rxe0]PORT[1]: iwarp=0 ib=0 roce=1 v1=0 v2=1 core_cap_flags=0x803005
[   12.219717] Loading iSCSI transport class v2.0-870.
[   12.239105] iscsi: registered transport (iser)
[   12.284992] RPC: Registered named UNIX socket transport module.
[   12.284995] RPC: Registered udp transport module.
[   12.284996] RPC: Registered tcp transport module.
[   12.284997] RPC: Registered tcp-with-tls transport module.
[   12.284999] RPC: Registered tcp NFSv4.1 backchannel transport module.
[   12.299137] RPC: Registered rdma transport module.
[   12.299140] RPC: Registered rdma backchannel transport module.
[   24.032389] netfs: FS-Cache loaded
[   24.078499] Key type cifs.spnego registered
[   24.078511] Key type cifs.idmap registered
[   24.078880] CIFS: Attempting to mount //192.168.45.10/linux-cifs
[   24.078888] CIFS: VFS: smbdirect_connect:45 connect: src: (null) dst: 192.168.45.10:5445
[   24.078929] CIFS: VFS: smbdirect_connection_wait_for_connected:747 waiting for connection: device: (null) local: 0.0.0.0:42575 remote: 192.168.45.10:5445
[   24.079043] CIFS: VFS: smbdirect_connect_rdma_event_handler:281 RESOLVE_ADDR_RUNNING (first_error=0, expected=address resolved) => event=address error status=-19 => ret=-ENODEV
[   24.079067] CIFS: VFS: smbdirect_connect_rdma_event_handler:290 smbdirect_socket_schedule_cleanup_lvl(-ENODEV) called from smbdirect_connect_rdma_event_handler in line=290 status=RESOLVE_ADDR_RUNNING
[   24.079121] CIFS: VFS: smbdirect_connection_wait_for_connected:782 connection failed -ENODEV device: (null) local: 0.0.0.0:42575 remote: 192.168.45.10:5445
[   24.079137] CIFS: VFS: smbdirect_connect_sync:918 wait for smbdirect_connect(192.168.45.10:5445) failed -ENODEV
[   24.079148] CIFS: VFS: _smbd_get_connection:326 connect to 192.168.45.10:5445 failed: -ENODEV
[   24.079158] CIFS: VFS: smbdirect_socket_destroy_sync:641 status=DISCONNECTED first_error=-ENODEV
[   24.079160] CIFS: VFS: smbdirect_socket_destroy_sync:674 cancelling and disable disconnect_work
[   24.079177] CIFS: VFS: smbdirect_socket_destroy_sync:678 destroying rdma session
[   24.079185] CIFS: VFS: smbdirect_socket_destroy:501 status=DISCONNECTED first_error=-ENODEV
[   24.080273] CIFS: VFS: RDMA transport established
[   26.517201] rxe0: Port: 1 Link DOWN
[   26.517423] _ib_cache_gid_del: can't delete gid fe80:0000:0000:0000:5054:00ff:fe61:d653 error=-22
[   26.521193] infiniband rxe0: del_gid port=1 index=1 gid 0000:0000:0000:0000:0000:ffff:c0a8:2d14
[   26.524099] rxe0: Port: 1 Link ACTIVE
[   26.531582] infiniband rxe0: store_gid_entry port=1 index=2 gid 0000:0000:0000:0000:0000:ffff:c0a8:2d14
[   86.896497] smbd_logging_vaprintf: 20 callbacks suppressed
[   86.896505] CIFS: VFS: smbdirect_connection_send_io_done:1443 smbdirect_socket_schedule_cleanup(-ECONNABORTED) called from smbdirect_connection_send_io_done in line=1443 status=CONNECTED
[   86.897913] CIFS: VFS: smbdirect_connection_send_wait_zero_pending:1290 status=DISCONNECTING first_error=-ECONNABORTED => -ENOTCONN
[   86.898017] CIFS: VFS: smbdirect_socket_destroy_sync:641 status=DISCONNECTING first_error=-ECONNABORTED
[   86.898055] CIFS: VFS: smbdirect_socket_destroy_sync:674 cancelling and disable disconnect_work
[   86.898743] CIFS: VFS: smbdirect_socket_destroy_sync:678 destroying rdma session
[   86.898989] CIFS: VFS: smbdirect_socket_destroy_sync:683 wait for transport being disconnected
[  246.638609] INFO: task cifsd:1726 blocked for more than 122 seconds.
[  246.638727]       Not tainted 7.3.0-rc1-cifs #2
[  246.638767] "echo 0 > /proc/sys/kernel/hung_task_timeout_secs" disables this message.
[  246.638818] task:cifsd           state:D stack:0     pid:1726  tgid:1726  ppid:2      task_flags:0x240840 flags:0x00080000
[  246.638838] Call Trace:
[  246.638848]  <TASK>
[  246.638868]  __schedule+0x417/0x1910
[  246.638923]  ? smbdirect_socket_destroy_sync+0x6fb/0xaa0 [smbdirect]
[  246.638953]  schedule+0x28/0xb0
[  246.638969]  ? ftrace_stub_direct_tramp+0x10/0x10
[  246.638982]  smbdirect_socket_destroy_sync+0x6e6/0xaa0 [smbdirect]
[  246.639005]  ? __pfx_autoremove_wake_function+0x10/0x10
[  246.639030]  ? ftrace_stub_direct_tramp+0x10/0x10
[  246.639042]  smbdirect_socket_release+0x61/0xb0 [smbdirect]
[  246.639060]  smbd_destroy+0x23/0x90 [cifs]
[  246.639113]  cifs_abort_connection+0x493/0x540 [cifs]
[  246.639158]  ? cifs_abort_connection+0x5/0x540 [cifs]
[  246.639210]  __cifs_reconnect+0x4e/0x420 [cifs]
[  246.639261]  cifs_readv_from_socket+0x28b/0x2f0 [cifs]
[  246.639311]  cifs_read_from_socket+0x56/0x80 [cifs]
[  246.639373]  cifs_demultiplex_thread+0x102/0xfc0 [cifs]
[  246.639416]  ? __pfx_cifs_compound_last_callback+0x10/0x10 [cifs]
[  246.640856]  ? srso_alias_return_thunk+0x5/0xfbef5
[  246.640868]  ? __set_cpus_allowed_ptr_locked+0xed/0x200
[  246.640909]  ? __pfx_cifs_demultiplex_thread+0x10/0x10 [cifs]
[  246.640948]  kthread+0xf9/0x130
[  246.640960]  ? __pfx_kthread+0x10/0x10
[  246.640975]  ret_from_fork+0x2c3/0x380
[  246.640985]  ? __pfx_kthread+0x10/0x10
[  246.640995]  ? __pfx_kthread+0x10/0x10
[  246.641007]  ret_from_fork_asm+0x1a/0x30
[  246.641045]  </TASK>
